Experiment settings:
	optimiser: adam 
	lr scheduler: step, gamma=0.1, milestones=[50, 100] 
	lr: 0.001 
	batch size: 16 
	momentum: 0.9 

**** EPOCH 001 ****
2021-01-08 16:19:51.484269
epoch 1 | train dice: 0.285237
epoch 1 | train dice 1: 0.042074
epoch 1 | train dice 2: 0.335856
epoch 1 | train dice 3: 0.477782
epoch 1 | mean train loss: 0.853361
**** EPOCH 002 ****
2021-01-08 16:20:06.682905
epoch 2 | train dice: 0.568280
epoch 2 | train dice 1: 0.049050
epoch 2 | train dice 2: 0.760777
epoch 2 | train dice 3: 0.895013
epoch 2 | mean train loss: 0.468192
**** EPOCH 003 ****
2021-01-08 16:20:21.973145
epoch 3 | train dice: 0.605620
epoch 3 | train dice 1: 0.061084
epoch 3 | train dice 2: 0.827431
epoch 3 | train dice 3: 0.928344
epoch 3 | mean train loss: 0.402811
**** EPOCH 004 ****
2021-01-08 16:20:37.360610
epoch 4 | train dice: 0.808176
epoch 4 | train dice 1: 0.666812
epoch 4 | train dice 2: 0.829086
epoch 4 | train dice 3: 0.928631
epoch 4 | mean train loss: 0.234378
**** EPOCH 005 ****
2021-01-08 16:20:52.672399
epoch 5 | train dice: 0.878042
epoch 5 | train dice 1: 0.848791
epoch 5 | train dice 2: 0.849123
epoch 5 | train dice 3: 0.936211
epoch 5 | mean train loss: 0.128827
**** EPOCH 006 ****
2021-01-08 16:21:07.925896
epoch 6 | train dice: 0.893231
epoch 6 | train dice 1: 0.875046
epoch 6 | train dice 2: 0.860180
epoch 6 | train dice 3: 0.944466
epoch 6 | mean train loss: 0.111313
**** EPOCH 007 ****
2021-01-08 16:21:23.167079
epoch 7 | train dice: 0.900472
epoch 7 | train dice 1: 0.890692
epoch 7 | train dice 2: 0.865670
epoch 7 | train dice 3: 0.945054
epoch 7 | mean train loss: 0.102917
**** EPOCH 008 ****
2021-01-08 16:21:38.423431
epoch 8 | train dice: 0.909317
epoch 8 | train dice 1: 0.899211
epoch 8 | train dice 2: 0.878245
epoch 8 | train dice 3: 0.950496
epoch 8 | mean train loss: 0.093384
**** EPOCH 009 ****
2021-01-08 16:21:53.693735
epoch 9 | train dice: 0.910506
epoch 9 | train dice 1: 0.905876
epoch 9 | train dice 2: 0.876252
epoch 9 | train dice 3: 0.949390
epoch 9 | mean train loss: 0.091836
**** EPOCH 010 ****
2021-01-08 16:22:08.991748
epoch 10 | train dice: 0.914530
epoch 10 | train dice 1: 0.911098
epoch 10 | train dice 2: 0.881398
epoch 10 | train dice 3: 0.951094
epoch 10 | mean train loss: 0.087510
**** EPOCH 011 ****
2021-01-08 16:22:24.278163
epoch 11 | train dice: 0.921498
epoch 11 | train dice 1: 0.922666
epoch 11 | train dice 2: 0.888121
epoch 11 | train dice 3: 0.953707
epoch 11 | mean train loss: 0.080216
**** EPOCH 012 ****
2021-01-08 16:22:39.560277
epoch 12 | train dice: 0.920412
epoch 12 | train dice 1: 0.919506
epoch 12 | train dice 2: 0.887400
epoch 12 | train dice 3: 0.954331
epoch 12 | mean train loss: 0.081276
**** EPOCH 013 ****
2021-01-08 16:22:54.822040
epoch 13 | train dice: 0.925619
epoch 13 | train dice 1: 0.926425
epoch 13 | train dice 2: 0.893184
epoch 13 | train dice 3: 0.957249
epoch 13 | mean train loss: 0.075768
**** EPOCH 014 ****
2021-01-08 16:23:10.352148
epoch 14 | train dice: 0.927400
epoch 14 | train dice 1: 0.930762
epoch 14 | train dice 2: 0.894417
epoch 14 | train dice 3: 0.957021
epoch 14 | mean train loss: 0.073848
**** EPOCH 015 ****
2021-01-08 16:23:25.858358
epoch 15 | train dice: 0.932745
epoch 15 | train dice 1: 0.937601
epoch 15 | train dice 2: 0.901136
epoch 15 | train dice 3: 0.959499
epoch 15 | mean train loss: 0.068366
**** EPOCH 016 ****
2021-01-08 16:23:41.457443
epoch 16 | train dice: 0.930241
epoch 16 | train dice 1: 0.932819
epoch 16 | train dice 2: 0.899040
epoch 16 | train dice 3: 0.958865
epoch 16 | mean train loss: 0.070885
**** EPOCH 017 ****
2021-01-08 16:23:56.803398
epoch 17 | train dice: 0.934443
epoch 17 | train dice 1: 0.938551
epoch 17 | train dice 2: 0.902925
epoch 17 | train dice 3: 0.961853
epoch 17 | mean train loss: 0.066685
**** EPOCH 018 ****
2021-01-08 16:24:12.096589
epoch 18 | train dice: 0.935084
epoch 18 | train dice 1: 0.938610
epoch 18 | train dice 2: 0.904645
epoch 18 | train dice 3: 0.961997
epoch 18 | mean train loss: 0.065925
**** EPOCH 019 ****
2021-01-08 16:24:27.500323
epoch 19 | train dice: 0.934880
epoch 19 | train dice 1: 0.936561
epoch 19 | train dice 2: 0.905450
epoch 19 | train dice 3: 0.962629
epoch 19 | mean train loss: 0.066076
**** EPOCH 020 ****
2021-01-08 16:24:42.912745
epoch 20 | train dice: 0.933452
epoch 20 | train dice 1: 0.935574
epoch 20 | train dice 2: 0.904575
epoch 20 | train dice 3: 0.960207
epoch 20 | mean train loss: 0.067526
**** EPOCH 021 ****
2021-01-08 16:24:58.413426
epoch 21 | train dice: 0.935422
epoch 21 | train dice 1: 0.939071
epoch 21 | train dice 2: 0.905859
epoch 21 | train dice 3: 0.961336
epoch 21 | mean train loss: 0.065452
**** EPOCH 022 ****
2021-01-08 16:25:13.912570
epoch 22 | train dice: 0.939116
epoch 22 | train dice 1: 0.942265
epoch 22 | train dice 2: 0.910904
epoch 22 | train dice 3: 0.964178
epoch 22 | mean train loss: 0.061653
**** EPOCH 023 ****
2021-01-08 16:25:29.295788
epoch 23 | train dice: 0.942089
epoch 23 | train dice 1: 0.947982
epoch 23 | train dice 2: 0.913272
epoch 23 | train dice 3: 0.965012
epoch 23 | mean train loss: 0.058694
**** EPOCH 024 ****
2021-01-08 16:25:44.849065
epoch 24 | train dice: 0.942583
epoch 24 | train dice 1: 0.948080
epoch 24 | train dice 2: 0.914706
epoch 24 | train dice 3: 0.964964
epoch 24 | mean train loss: 0.058187
**** EPOCH 025 ****
2021-01-08 16:26:00.219922
epoch 25 | train dice: 0.940908
epoch 25 | train dice 1: 0.944279
epoch 25 | train dice 2: 0.913357
epoch 25 | train dice 3: 0.965089
epoch 25 | mean train loss: 0.059871
**** EPOCH 026 ****
2021-01-08 16:26:15.575075
epoch 26 | train dice: 0.940234
epoch 26 | train dice 1: 0.943458
epoch 26 | train dice 2: 0.912611
epoch 26 | train dice 3: 0.964631
epoch 26 | mean train loss: 0.060557
**** EPOCH 027 ****
2021-01-08 16:26:31.139028
epoch 27 | train dice: 0.942778
epoch 27 | train dice 1: 0.946365
epoch 27 | train dice 2: 0.915488
epoch 27 | train dice 3: 0.966482
epoch 27 | mean train loss: 0.057937
**** EPOCH 028 ****
2021-01-08 16:26:46.665660
epoch 28 | train dice: 0.945272
epoch 28 | train dice 1: 0.951538
epoch 28 | train dice 2: 0.917429
epoch 28 | train dice 3: 0.966848
epoch 28 | mean train loss: 0.055342
**** EPOCH 029 ****
2021-01-08 16:27:02.010639
epoch 29 | train dice: 0.947194
epoch 29 | train dice 1: 0.952130
epoch 29 | train dice 2: 0.921186
epoch 29 | train dice 3: 0.968266
epoch 29 | mean train loss: 0.053547
**** EPOCH 030 ****
2021-01-08 16:27:17.432854
epoch 30 | train dice: 0.944092
epoch 30 | train dice 1: 0.946652
epoch 30 | train dice 2: 0.918513
epoch 30 | train dice 3: 0.967109
epoch 30 | mean train loss: 0.056534
**** EPOCH 031 ****
2021-01-08 16:27:32.798065
epoch 31 | train dice: 0.943058
epoch 31 | train dice 1: 0.949311
epoch 31 | train dice 2: 0.915854
epoch 31 | train dice 3: 0.964008
epoch 31 | mean train loss: 0.057598
**** EPOCH 032 ****
2021-01-08 16:27:48.112217
epoch 32 | train dice: 0.948149
epoch 32 | train dice 1: 0.953938
epoch 32 | train dice 2: 0.921872
epoch 32 | train dice 3: 0.968637
epoch 32 | mean train loss: 0.052474
**** EPOCH 033 ****
2021-01-08 16:28:03.435437
epoch 33 | train dice: 0.948671
epoch 33 | train dice 1: 0.953253
epoch 33 | train dice 2: 0.923534
epoch 33 | train dice 3: 0.969226
epoch 33 | mean train loss: 0.051811
**** EPOCH 034 ****
2021-01-08 16:28:18.742848
epoch 34 | train dice: 0.947471
epoch 34 | train dice 1: 0.954337
epoch 34 | train dice 2: 0.920515
epoch 34 | train dice 3: 0.967561
epoch 34 | mean train loss: 0.053086
**** EPOCH 035 ****
2021-01-08 16:28:34.037800
epoch 35 | train dice: 0.937395
epoch 35 | train dice 1: 0.935463
epoch 35 | train dice 2: 0.912097
epoch 35 | train dice 3: 0.964625
epoch 35 | mean train loss: 0.063332
**** EPOCH 036 ****
2021-01-08 16:28:49.358901
epoch 36 | train dice: 0.946575
epoch 36 | train dice 1: 0.950365
epoch 36 | train dice 2: 0.921046
epoch 36 | train dice 3: 0.968312
epoch 36 | mean train loss: 0.054012
**** EPOCH 037 ****
2021-01-08 16:29:04.693906
epoch 37 | train dice: 0.950285
epoch 37 | train dice 1: 0.954496
epoch 37 | train dice 2: 0.925862
epoch 37 | train dice 3: 0.970497
epoch 37 | mean train loss: 0.050273
**** EPOCH 038 ****
2021-01-08 16:29:20.002689
epoch 38 | train dice: 0.950262
epoch 38 | train dice 1: 0.955944
epoch 38 | train dice 2: 0.925848
epoch 38 | train dice 3: 0.968995
epoch 38 | mean train loss: 0.050247
**** EPOCH 039 ****
2021-01-08 16:29:35.346296
epoch 39 | train dice: 0.952247
epoch 39 | train dice 1: 0.956780
epoch 39 | train dice 2: 0.929155
epoch 39 | train dice 3: 0.970805
epoch 39 | mean train loss: 0.048274
**** EPOCH 040 ****
2021-01-08 16:29:50.655732
epoch 40 | train dice: 0.953540
epoch 40 | train dice 1: 0.958377
epoch 40 | train dice 2: 0.930378
epoch 40 | train dice 3: 0.971864
epoch 40 | mean train loss: 0.046984
**** EPOCH 041 ****
2021-01-08 16:30:06.050529
epoch 41 | train dice: 0.953202
epoch 41 | train dice 1: 0.957932
epoch 41 | train dice 2: 0.930368
epoch 41 | train dice 3: 0.971305
epoch 41 | mean train loss: 0.047307
**** EPOCH 042 ****
2021-01-08 16:30:21.372212
epoch 42 | train dice: 0.954200
epoch 42 | train dice 1: 0.959870
epoch 42 | train dice 2: 0.931253
epoch 42 | train dice 3: 0.971477
epoch 42 | mean train loss: 0.046276
**** EPOCH 043 ****
2021-01-08 16:30:36.723392
epoch 43 | train dice: 0.955338
epoch 43 | train dice 1: 0.961165
epoch 43 | train dice 2: 0.932343
epoch 43 | train dice 3: 0.972507
epoch 43 | mean train loss: 0.045152
**** EPOCH 044 ****
2021-01-08 16:30:52.050719
epoch 44 | train dice: 0.955269
epoch 44 | train dice 1: 0.960558
epoch 44 | train dice 2: 0.932973
epoch 44 | train dice 3: 0.972277
epoch 44 | mean train loss: 0.045213
**** EPOCH 045 ****
2021-01-08 16:31:07.362233
epoch 45 | train dice: 0.937027
epoch 45 | train dice 1: 0.937823
epoch 45 | train dice 2: 0.910971
epoch 45 | train dice 3: 0.962287
epoch 45 | mean train loss: 0.063499
**** EPOCH 046 ****
2021-01-08 16:31:22.689507
epoch 46 | train dice: 0.946842
epoch 46 | train dice 1: 0.950085
epoch 46 | train dice 2: 0.922105
epoch 46 | train dice 3: 0.968335
epoch 46 | mean train loss: 0.053623
**** EPOCH 047 ****
2021-01-08 16:31:37.980365
epoch 47 | train dice: 0.953820
epoch 47 | train dice 1: 0.957278
epoch 47 | train dice 2: 0.931792
epoch 47 | train dice 3: 0.972390
epoch 47 | mean train loss: 0.046636
**** EPOCH 048 ****
2021-01-08 16:31:53.293045
epoch 48 | train dice: 0.954996
epoch 48 | train dice 1: 0.959473
epoch 48 | train dice 2: 0.932922
epoch 48 | train dice 3: 0.972592
epoch 48 | mean train loss: 0.045441
**** EPOCH 049 ****
2021-01-08 16:32:08.610748
epoch 49 | train dice: 0.952382
epoch 49 | train dice 1: 0.953318
epoch 49 | train dice 2: 0.931311
epoch 49 | train dice 3: 0.972518
epoch 49 | mean train loss: 0.048082
**** EPOCH 050 ****
2021-01-08 16:32:23.921040
epoch 50 | train dice: 0.947959
epoch 50 | train dice 1: 0.950404
epoch 50 | train dice 2: 0.923943
epoch 50 | train dice 3: 0.969530
epoch 50 | mean train loss: 0.052501
**** EPOCH 051 ****
2021-01-08 16:32:39.198640
epoch 51 | train dice: 0.957339
epoch 51 | train dice 1: 0.960576
epoch 51 | train dice 2: 0.936469
epoch 51 | train dice 3: 0.974972
epoch 51 | mean train loss: 0.043075
**** EPOCH 052 ****
2021-01-08 16:32:54.488021
epoch 52 | train dice: 0.959296
epoch 52 | train dice 1: 0.962040
epoch 52 | train dice 2: 0.940063
epoch 52 | train dice 3: 0.975786
epoch 52 | mean train loss: 0.041134
**** EPOCH 053 ****
2021-01-08 16:33:09.786336
epoch 53 | train dice: 0.960548
epoch 53 | train dice 1: 0.964284
epoch 53 | train dice 2: 0.941118
epoch 53 | train dice 3: 0.976243
epoch 53 | mean train loss: 0.039895
**** EPOCH 054 ****
2021-01-08 16:33:25.110312
epoch 54 | train dice: 0.961314
epoch 54 | train dice 1: 0.964775
epoch 54 | train dice 2: 0.942490
epoch 54 | train dice 3: 0.976677
epoch 54 | mean train loss: 0.039167
**** EPOCH 055 ****
2021-01-08 16:33:40.424777
epoch 55 | train dice: 0.962384
epoch 55 | train dice 1: 0.965957
epoch 55 | train dice 2: 0.943934
epoch 55 | train dice 3: 0.977260
epoch 55 | mean train loss: 0.038155
**** EPOCH 056 ****
2021-01-08 16:33:55.711230
epoch 56 | train dice: 0.962677
epoch 56 | train dice 1: 0.966052
epoch 56 | train dice 2: 0.944521
epoch 56 | train dice 3: 0.977459
epoch 56 | mean train loss: 0.037809
**** EPOCH 057 ****
2021-01-08 16:34:11.030492
epoch 57 | train dice: 0.963292
epoch 57 | train dice 1: 0.966795
epoch 57 | train dice 2: 0.945322
epoch 57 | train dice 3: 0.977759
epoch 57 | mean train loss: 0.037287
**** EPOCH 058 ****
2021-01-08 16:34:26.331131
epoch 58 | train dice: 0.963563
epoch 58 | train dice 1: 0.966924
epoch 58 | train dice 2: 0.945691
epoch 58 | train dice 3: 0.978074
epoch 58 | mean train loss: 0.036997
**** EPOCH 059 ****
2021-01-08 16:34:41.640400
epoch 59 | train dice: 0.963976
epoch 59 | train dice 1: 0.967398
epoch 59 | train dice 2: 0.946410
epoch 59 | train dice 3: 0.978121
epoch 59 | mean train loss: 0.036537
**** EPOCH 060 ****
2021-01-08 16:34:56.940763
epoch 60 | train dice: 0.964399
epoch 60 | train dice 1: 0.967582
epoch 60 | train dice 2: 0.947013
epoch 60 | train dice 3: 0.978603
epoch 60 | mean train loss: 0.036168
**** EPOCH 061 ****
2021-01-08 16:35:12.235033
epoch 61 | train dice: 0.964860
epoch 61 | train dice 1: 0.968324
epoch 61 | train dice 2: 0.947589
epoch 61 | train dice 3: 0.978667
epoch 61 | mean train loss: 0.035726
**** EPOCH 062 ****
2021-01-08 16:35:27.551875
epoch 62 | train dice: 0.965254
epoch 62 | train dice 1: 0.968912
epoch 62 | train dice 2: 0.948100
epoch 62 | train dice 3: 0.978749
epoch 62 | mean train loss: 0.035310
**** EPOCH 063 ****
2021-01-08 16:35:42.868731
epoch 63 | train dice: 0.965544
epoch 63 | train dice 1: 0.969097
epoch 63 | train dice 2: 0.948481
epoch 63 | train dice 3: 0.979054
epoch 63 | mean train loss: 0.035077
**** EPOCH 064 ****
2021-01-08 16:35:58.164895
epoch 64 | train dice: 0.965402
epoch 64 | train dice 1: 0.968838
epoch 64 | train dice 2: 0.948517
epoch 64 | train dice 3: 0.978852
epoch 64 | mean train loss: 0.035188
**** EPOCH 065 ****
2021-01-08 16:36:13.463848
epoch 65 | train dice: 0.965847
epoch 65 | train dice 1: 0.969217
epoch 65 | train dice 2: 0.949110
epoch 65 | train dice 3: 0.979215
epoch 65 | mean train loss: 0.034706
**** EPOCH 066 ****
2021-01-08 16:36:28.754314
epoch 66 | train dice: 0.966291
epoch 66 | train dice 1: 0.969763
epoch 66 | train dice 2: 0.949488
epoch 66 | train dice 3: 0.979622
epoch 66 | mean train loss: 0.034359
**** EPOCH 067 ****
2021-01-08 16:36:44.057386
epoch 67 | train dice: 0.966721
epoch 67 | train dice 1: 0.969837
epoch 67 | train dice 2: 0.950533
epoch 67 | train dice 3: 0.979793
epoch 67 | mean train loss: 0.033924
**** EPOCH 068 ****
2021-01-08 16:36:59.391913
epoch 68 | train dice: 0.967101
epoch 68 | train dice 1: 0.970501
epoch 68 | train dice 2: 0.950891
epoch 68 | train dice 3: 0.979912
epoch 68 | mean train loss: 0.033520
**** EPOCH 069 ****
2021-01-08 16:37:14.707622
epoch 69 | train dice: 0.967248
epoch 69 | train dice 1: 0.970617
epoch 69 | train dice 2: 0.951163
epoch 69 | train dice 3: 0.979965
epoch 69 | mean train loss: 0.033358
**** EPOCH 070 ****
2021-01-08 16:37:29.999070
epoch 70 | train dice: 0.967480
epoch 70 | train dice 1: 0.970760
epoch 70 | train dice 2: 0.951503
epoch 70 | train dice 3: 0.980176
epoch 70 | mean train loss: 0.033104
**** EPOCH 071 ****
2021-01-08 16:37:45.297321
epoch 71 | train dice: 0.967721
epoch 71 | train dice 1: 0.970712
epoch 71 | train dice 2: 0.952178
epoch 71 | train dice 3: 0.980273
epoch 71 | mean train loss: 0.032873
**** EPOCH 072 ****
2021-01-08 16:38:00.605787
epoch 72 | train dice: 0.967933
epoch 72 | train dice 1: 0.971252
epoch 72 | train dice 2: 0.952213
epoch 72 | train dice 3: 0.980334
epoch 72 | mean train loss: 0.032680
**** EPOCH 073 ****
2021-01-08 16:38:15.953134
epoch 73 | train dice: 0.968188
epoch 73 | train dice 1: 0.971420
epoch 73 | train dice 2: 0.952538
epoch 73 | train dice 3: 0.980605
epoch 73 | mean train loss: 0.032470
**** EPOCH 074 ****
2021-01-08 16:38:31.306469
epoch 74 | train dice: 0.968488
epoch 74 | train dice 1: 0.971529
epoch 74 | train dice 2: 0.953036
epoch 74 | train dice 3: 0.980899
epoch 74 | mean train loss: 0.032138
**** EPOCH 075 ****
2021-01-08 16:38:46.598635
epoch 75 | train dice: 0.968885
epoch 75 | train dice 1: 0.971806
epoch 75 | train dice 2: 0.953769
epoch 75 | train dice 3: 0.981079
epoch 75 | mean train loss: 0.031769
**** EPOCH 076 ****
2021-01-08 16:39:01.923373
epoch 76 | train dice: 0.969057
epoch 76 | train dice 1: 0.972158
epoch 76 | train dice 2: 0.953861
epoch 76 | train dice 3: 0.981151
epoch 76 | mean train loss: 0.031623
**** EPOCH 077 ****
2021-01-08 16:39:17.214220
epoch 77 | train dice: 0.969041
epoch 77 | train dice 1: 0.972094
epoch 77 | train dice 2: 0.953775
epoch 77 | train dice 3: 0.981255
epoch 77 | mean train loss: 0.031609
**** EPOCH 078 ****
2021-01-08 16:39:32.572675
epoch 78 | train dice: 0.969534
epoch 78 | train dice 1: 0.972645
epoch 78 | train dice 2: 0.954688
epoch 78 | train dice 3: 0.981269
epoch 78 | mean train loss: 0.031130
**** EPOCH 079 ****
2021-01-08 16:39:47.925758
epoch 79 | train dice: 0.969943
epoch 79 | train dice 1: 0.972880
epoch 79 | train dice 2: 0.955183
epoch 79 | train dice 3: 0.981766
epoch 79 | mean train loss: 0.030696
**** EPOCH 080 ****
2021-01-08 16:40:03.243183
epoch 80 | train dice: 0.969889
epoch 80 | train dice 1: 0.972842
epoch 80 | train dice 2: 0.955239
epoch 80 | train dice 3: 0.981587
epoch 80 | mean train loss: 0.030792
**** EPOCH 081 ****
2021-01-08 16:40:18.610276
epoch 81 | train dice: 0.970119
epoch 81 | train dice 1: 0.972926
epoch 81 | train dice 2: 0.955720
epoch 81 | train dice 3: 0.981711
epoch 81 | mean train loss: 0.030522
**** EPOCH 082 ****
2021-01-08 16:40:33.948581
epoch 82 | train dice: 0.970427
epoch 82 | train dice 1: 0.973283
epoch 82 | train dice 2: 0.955991
epoch 82 | train dice 3: 0.982008
epoch 82 | mean train loss: 0.030278
**** EPOCH 083 ****
2021-01-08 16:40:49.309996
epoch 83 | train dice: 0.970521
epoch 83 | train dice 1: 0.973251
epoch 83 | train dice 2: 0.956169
epoch 83 | train dice 3: 0.982143
epoch 83 | mean train loss: 0.030152
**** EPOCH 084 ****
2021-01-08 16:41:04.628761
epoch 84 | train dice: 0.970668
epoch 84 | train dice 1: 0.973739
epoch 84 | train dice 2: 0.956225
epoch 84 | train dice 3: 0.982041
epoch 84 | mean train loss: 0.029949
**** EPOCH 085 ****
2021-01-08 16:41:19.899715
epoch 85 | train dice: 0.970917
epoch 85 | train dice 1: 0.973886
epoch 85 | train dice 2: 0.956647
epoch 85 | train dice 3: 0.982217
epoch 85 | mean train loss: 0.029724
**** EPOCH 086 ****
2021-01-08 16:41:35.192373
epoch 86 | train dice: 0.970982
epoch 86 | train dice 1: 0.973772
epoch 86 | train dice 2: 0.956885
epoch 86 | train dice 3: 0.982289
epoch 86 | mean train loss: 0.029659
**** EPOCH 087 ****
2021-01-08 16:41:50.524539
epoch 87 | train dice: 0.971151
epoch 87 | train dice 1: 0.974292
epoch 87 | train dice 2: 0.956877
epoch 87 | train dice 3: 0.982284
epoch 87 | mean train loss: 0.029474
**** EPOCH 088 ****
2021-01-08 16:42:05.811947
epoch 88 | train dice: 0.971725
epoch 88 | train dice 1: 0.974632
epoch 88 | train dice 2: 0.957765
epoch 88 | train dice 3: 0.982777
epoch 88 | mean train loss: 0.028948
**** EPOCH 089 ****
2021-01-08 16:42:21.135765
epoch 89 | train dice: 0.971576
epoch 89 | train dice 1: 0.974371
epoch 89 | train dice 2: 0.957661
epoch 89 | train dice 3: 0.982695
epoch 89 | mean train loss: 0.029073
**** EPOCH 090 ****
2021-01-08 16:42:36.428812
epoch 90 | train dice: 0.971772
epoch 90 | train dice 1: 0.974523
epoch 90 | train dice 2: 0.958020
epoch 90 | train dice 3: 0.982774
epoch 90 | mean train loss: 0.028829
**** EPOCH 091 ****
2021-01-08 16:42:51.713322
epoch 91 | train dice: 0.972350
epoch 91 | train dice 1: 0.975386
epoch 91 | train dice 2: 0.958579
epoch 91 | train dice 3: 0.983086
epoch 91 | mean train loss: 0.028301
**** EPOCH 092 ****
2021-01-08 16:43:07.024645
epoch 92 | train dice: 0.972302
epoch 92 | train dice 1: 0.975125
epoch 92 | train dice 2: 0.958693
epoch 92 | train dice 3: 0.983088
epoch 92 | mean train loss: 0.028348
**** EPOCH 093 ****
2021-01-08 16:43:22.349286
epoch 93 | train dice: 0.972265
epoch 93 | train dice 1: 0.975044
epoch 93 | train dice 2: 0.958604
epoch 93 | train dice 3: 0.983147
epoch 93 | mean train loss: 0.028373
**** EPOCH 094 ****
2021-01-08 16:43:37.665651
epoch 94 | train dice: 0.972584
epoch 94 | train dice 1: 0.975300
epoch 94 | train dice 2: 0.959223
epoch 94 | train dice 3: 0.983229
epoch 94 | mean train loss: 0.028063
**** EPOCH 095 ****
2021-01-08 16:43:53.018452
epoch 95 | train dice: 0.972967
epoch 95 | train dice 1: 0.975725
epoch 95 | train dice 2: 0.959708
epoch 95 | train dice 3: 0.983467
epoch 95 | mean train loss: 0.027692
**** EPOCH 096 ****
2021-01-08 16:44:08.356838
epoch 96 | train dice: 0.972928
epoch 96 | train dice 1: 0.975787
epoch 96 | train dice 2: 0.959617
epoch 96 | train dice 3: 0.983380
epoch 96 | mean train loss: 0.027725
**** EPOCH 097 ****
2021-01-08 16:44:23.679984
epoch 97 | train dice: 0.973155
epoch 97 | train dice 1: 0.975788
epoch 97 | train dice 2: 0.960076
epoch 97 | train dice 3: 0.983602
epoch 97 | mean train loss: 0.027498
**** EPOCH 098 ****
2021-01-08 16:44:39.002665
epoch 98 | train dice: 0.973272
epoch 98 | train dice 1: 0.976054
epoch 98 | train dice 2: 0.960190
epoch 98 | train dice 3: 0.983573
epoch 98 | mean train loss: 0.027382
**** EPOCH 099 ****
2021-01-08 16:44:54.296580
epoch 99 | train dice: 0.973413
epoch 99 | train dice 1: 0.975982
epoch 99 | train dice 2: 0.960541
epoch 99 | train dice 3: 0.983715
epoch 99 | mean train loss: 0.027221
**** EPOCH 100 ****
2021-01-08 16:45:09.581212
epoch 100 | train dice: 0.973472
epoch 100 | train dice 1: 0.976222
epoch 100 | train dice 2: 0.960598
epoch 100 | train dice 3: 0.983596
epoch 100 | mean train loss: 0.027099
**** EPOCH 101 ****
2021-01-08 16:45:24.893930
epoch 101 | train dice: 0.974360
epoch 101 | train dice 1: 0.976888
epoch 101 | train dice 2: 0.962037
epoch 101 | train dice 3: 0.984155
epoch 101 | mean train loss: 0.026303
**** EPOCH 102 ****
2021-01-08 16:45:40.204034
epoch 102 | train dice: 0.974326
epoch 102 | train dice 1: 0.976693
epoch 102 | train dice 2: 0.962080
epoch 102 | train dice 3: 0.984205
epoch 102 | mean train loss: 0.026294
**** EPOCH 103 ****
2021-01-08 16:45:55.552277
epoch 103 | train dice: 0.974603
epoch 103 | train dice 1: 0.977306
epoch 103 | train dice 2: 0.962135
epoch 103 | train dice 3: 0.984367
epoch 103 | mean train loss: 0.026102
**** EPOCH 104 ****
2021-01-08 16:46:10.846515
epoch 104 | train dice: 0.974587
epoch 104 | train dice 1: 0.977044
epoch 104 | train dice 2: 0.962444
epoch 104 | train dice 3: 0.984274
epoch 104 | mean train loss: 0.026068
**** EPOCH 105 ****
2021-01-08 16:46:26.125078
epoch 105 | train dice: 0.974856
epoch 105 | train dice 1: 0.977221
epoch 105 | train dice 2: 0.962864
epoch 105 | train dice 3: 0.984482
epoch 105 | mean train loss: 0.025833
**** EPOCH 106 ****
2021-01-08 16:46:41.408194
epoch 106 | train dice: 0.974839
epoch 106 | train dice 1: 0.977237
epoch 106 | train dice 2: 0.962763
epoch 106 | train dice 3: 0.984517
epoch 106 | mean train loss: 0.025815
**** EPOCH 107 ****
2021-01-08 16:46:56.735306
epoch 107 | train dice: 0.974735
epoch 107 | train dice 1: 0.977262
epoch 107 | train dice 2: 0.962440
epoch 107 | train dice 3: 0.984503
epoch 107 | mean train loss: 0.025933
**** EPOCH 108 ****
2021-01-08 16:47:12.069500
epoch 108 | train dice: 0.974722
epoch 108 | train dice 1: 0.977055
epoch 108 | train dice 2: 0.962659
epoch 108 | train dice 3: 0.984451
epoch 108 | mean train loss: 0.025955
**** EPOCH 109 ****
2021-01-08 16:47:27.410208
epoch 109 | train dice: 0.975021
epoch 109 | train dice 1: 0.977525
epoch 109 | train dice 2: 0.962866
epoch 109 | train dice 3: 0.984673
epoch 109 | mean train loss: 0.025625
**** EPOCH 110 ****
2021-01-08 16:47:42.756798
epoch 110 | train dice: 0.974983
epoch 110 | train dice 1: 0.977551
epoch 110 | train dice 2: 0.962846
epoch 110 | train dice 3: 0.984552
epoch 110 | mean train loss: 0.025713
**** EPOCH 111 ****
2021-01-08 16:47:58.150330
epoch 111 | train dice: 0.974966
epoch 111 | train dice 1: 0.977509
epoch 111 | train dice 2: 0.962826
epoch 111 | train dice 3: 0.984563
epoch 111 | mean train loss: 0.025711
**** EPOCH 112 ****
2021-01-08 16:48:13.533267
epoch 112 | train dice: 0.974849
epoch 112 | train dice 1: 0.977328
epoch 112 | train dice 2: 0.962696
epoch 112 | train dice 3: 0.984522
epoch 112 | mean train loss: 0.025805
**** EPOCH 113 ****
2021-01-08 16:48:28.905375
epoch 113 | train dice: 0.975254
epoch 113 | train dice 1: 0.977618
epoch 113 | train dice 2: 0.963320
epoch 113 | train dice 3: 0.984824
epoch 113 | mean train loss: 0.025391
**** EPOCH 114 ****
2021-01-08 16:48:44.298079
epoch 114 | train dice: 0.974974
epoch 114 | train dice 1: 0.977491
epoch 114 | train dice 2: 0.962875
epoch 114 | train dice 3: 0.984557
epoch 114 | mean train loss: 0.025715
**** EPOCH 115 ****
2021-01-08 16:48:59.660128
epoch 115 | train dice: 0.975047
epoch 115 | train dice 1: 0.977509
epoch 115 | train dice 2: 0.962996
epoch 115 | train dice 3: 0.984635
epoch 115 | mean train loss: 0.025690
**** EPOCH 116 ****
2021-01-08 16:49:15.012537
epoch 116 | train dice: 0.974976
epoch 116 | train dice 1: 0.977311
epoch 116 | train dice 2: 0.963004
epoch 116 | train dice 3: 0.984612
epoch 116 | mean train loss: 0.025706
**** EPOCH 117 ****
2021-01-08 16:49:30.389731
epoch 117 | train dice: 0.975115
epoch 117 | train dice 1: 0.977451
epoch 117 | train dice 2: 0.963177
epoch 117 | train dice 3: 0.984718
epoch 117 | mean train loss: 0.025593
**** EPOCH 118 ****
2021-01-08 16:49:45.734806
epoch 118 | train dice: 0.975164
epoch 118 | train dice 1: 0.977356
epoch 118 | train dice 2: 0.963325
epoch 118 | train dice 3: 0.984811
epoch 118 | mean train loss: 0.025492
**** EPOCH 119 ****
2021-01-08 16:50:01.073962
epoch 119 | train dice: 0.975212
epoch 119 | train dice 1: 0.977716
epoch 119 | train dice 2: 0.963088
epoch 119 | train dice 3: 0.984831
epoch 119 | mean train loss: 0.025485
**** EPOCH 120 ****
2021-01-08 16:50:16.462610
epoch 120 | train dice: 0.975129
epoch 120 | train dice 1: 0.977636
epoch 120 | train dice 2: 0.963102
epoch 120 | train dice 3: 0.984648
epoch 120 | mean train loss: 0.025542
**** EPOCH 121 ****
2021-01-08 16:50:31.821760
epoch 121 | train dice: 0.974998
epoch 121 | train dice 1: 0.977515
epoch 121 | train dice 2: 0.962870
epoch 121 | train dice 3: 0.984610
epoch 121 | mean train loss: 0.025640
**** EPOCH 122 ****
2021-01-08 16:50:47.179052
epoch 122 | train dice: 0.975159
epoch 122 | train dice 1: 0.977880
epoch 122 | train dice 2: 0.962951
epoch 122 | train dice 3: 0.984646
epoch 122 | mean train loss: 0.025542
**** EPOCH 123 ****
2021-01-08 16:51:02.571483
epoch 123 | train dice: 0.975266
epoch 123 | train dice 1: 0.977685
epoch 123 | train dice 2: 0.963393
epoch 123 | train dice 3: 0.984718
epoch 123 | mean train loss: 0.025460
**** EPOCH 124 ****
2021-01-08 16:51:17.957205
epoch 124 | train dice: 0.975233
epoch 124 | train dice 1: 0.977544
epoch 124 | train dice 2: 0.963344
epoch 124 | train dice 3: 0.984811
epoch 124 | mean train loss: 0.025491
**** EPOCH 125 ****
2021-01-08 16:51:33.313438
epoch 125 | train dice: 0.975191
epoch 125 | train dice 1: 0.977650
epoch 125 | train dice 2: 0.963250
epoch 125 | train dice 3: 0.984672
epoch 125 | mean train loss: 0.025481
**** EPOCH 126 ****
2021-01-08 16:51:48.686786
epoch 126 | train dice: 0.975453
epoch 126 | train dice 1: 0.977904
epoch 126 | train dice 2: 0.963539
epoch 126 | train dice 3: 0.984915
epoch 126 | mean train loss: 0.025209
**** EPOCH 127 ****
2021-01-08 16:52:04.079301
epoch 127 | train dice: 0.975106
epoch 127 | train dice 1: 0.977403
epoch 127 | train dice 2: 0.963232
epoch 127 | train dice 3: 0.984684
epoch 127 | mean train loss: 0.025529
**** EPOCH 128 ****
2021-01-08 16:52:19.439965
epoch 128 | train dice: 0.975568
epoch 128 | train dice 1: 0.977831
epoch 128 | train dice 2: 0.963937
epoch 128 | train dice 3: 0.984937
epoch 128 | mean train loss: 0.025154
**** EPOCH 129 ****
2021-01-08 16:52:34.856425
epoch 129 | train dice: 0.975372
epoch 129 | train dice 1: 0.977771
epoch 129 | train dice 2: 0.963480
epoch 129 | train dice 3: 0.984864
epoch 129 | mean train loss: 0.025308
**** EPOCH 130 ****
2021-01-08 16:52:50.235934
epoch 130 | train dice: 0.975391
epoch 130 | train dice 1: 0.977836
epoch 130 | train dice 2: 0.963500
epoch 130 | train dice 3: 0.984838
epoch 130 | mean train loss: 0.025281
**** EPOCH 131 ****
2021-01-08 16:53:05.640632
epoch 131 | train dice: 0.975505
epoch 131 | train dice 1: 0.977921
epoch 131 | train dice 2: 0.963631
epoch 131 | train dice 3: 0.984963
epoch 131 | mean train loss: 0.025200
**** EPOCH 132 ****
2021-01-08 16:53:20.998146
epoch 132 | train dice: 0.975568
epoch 132 | train dice 1: 0.977864
epoch 132 | train dice 2: 0.963806
epoch 132 | train dice 3: 0.985034
epoch 132 | mean train loss: 0.025098
**** EPOCH 133 ****
2021-01-08 16:53:36.333229
epoch 133 | train dice: 0.975454
epoch 133 | train dice 1: 0.977971
epoch 133 | train dice 2: 0.963549
epoch 133 | train dice 3: 0.984843
epoch 133 | mean train loss: 0.025177
**** EPOCH 134 ****
2021-01-08 16:53:51.699719
epoch 134 | train dice: 0.975399
epoch 134 | train dice 1: 0.977834
epoch 134 | train dice 2: 0.963490
epoch 134 | train dice 3: 0.984873
epoch 134 | mean train loss: 0.025310
**** EPOCH 135 ****
2021-01-08 16:54:07.053900
epoch 135 | train dice: 0.975513
epoch 135 | train dice 1: 0.977937
epoch 135 | train dice 2: 0.963670
epoch 135 | train dice 3: 0.984931
epoch 135 | mean train loss: 0.025204
**** EPOCH 136 ****
2021-01-08 16:54:22.429345
epoch 136 | train dice: 0.975410
epoch 136 | train dice 1: 0.977910
epoch 136 | train dice 2: 0.963511
epoch 136 | train dice 3: 0.984810
epoch 136 | mean train loss: 0.025291
**** EPOCH 137 ****
2021-01-08 16:54:37.796620
epoch 137 | train dice: 0.975503
epoch 137 | train dice 1: 0.977937
epoch 137 | train dice 2: 0.963693
epoch 137 | train dice 3: 0.984881
epoch 137 | mean train loss: 0.025184
**** EPOCH 138 ****
2021-01-08 16:54:53.132610
epoch 138 | train dice: 0.975597
epoch 138 | train dice 1: 0.977943
epoch 138 | train dice 2: 0.963744
epoch 138 | train dice 3: 0.985105
epoch 138 | mean train loss: 0.025108
**** EPOCH 139 ****
2021-01-08 16:55:08.510277
epoch 139 | train dice: 0.975548
epoch 139 | train dice 1: 0.977889
epoch 139 | train dice 2: 0.963684
epoch 139 | train dice 3: 0.985070
epoch 139 | mean train loss: 0.025163
**** EPOCH 140 ****
2021-01-08 16:55:23.854042
epoch 140 | train dice: 0.975570
epoch 140 | train dice 1: 0.978014
epoch 140 | train dice 2: 0.963690
epoch 140 | train dice 3: 0.985007
epoch 140 | mean train loss: 0.025141
**** EPOCH 141 ****
2021-01-08 16:55:39.195191
epoch 141 | train dice: 0.975644
epoch 141 | train dice 1: 0.978090
epoch 141 | train dice 2: 0.963904
epoch 141 | train dice 3: 0.984940
epoch 141 | mean train loss: 0.025042
**** EPOCH 142 ****
2021-01-08 16:55:54.583963
epoch 142 | train dice: 0.975627
epoch 142 | train dice 1: 0.978012
epoch 142 | train dice 2: 0.963983
epoch 142 | train dice 3: 0.984885
epoch 142 | mean train loss: 0.025054
**** EPOCH 143 ****
2021-01-08 16:56:09.923295
epoch 143 | train dice: 0.975670
epoch 143 | train dice 1: 0.978002
epoch 143 | train dice 2: 0.963969
epoch 143 | train dice 3: 0.985040
epoch 143 | mean train loss: 0.024995
**** EPOCH 144 ****
2021-01-08 16:56:25.280171
epoch 144 | train dice: 0.975822
epoch 144 | train dice 1: 0.977986
epoch 144 | train dice 2: 0.964306
epoch 144 | train dice 3: 0.985175
epoch 144 | mean train loss: 0.024882
**** EPOCH 145 ****
2021-01-08 16:56:40.634104
epoch 145 | train dice: 0.975656
epoch 145 | train dice 1: 0.978009
epoch 145 | train dice 2: 0.963932
epoch 145 | train dice 3: 0.985025
epoch 145 | mean train loss: 0.025025
**** EPOCH 146 ****
2021-01-08 16:56:56.021124
epoch 146 | train dice: 0.975888
epoch 146 | train dice 1: 0.978275
epoch 146 | train dice 2: 0.964223
epoch 146 | train dice 3: 0.985166
epoch 146 | mean train loss: 0.024818
**** EPOCH 147 ****
2021-01-08 16:57:11.411844
epoch 147 | train dice: 0.975741
epoch 147 | train dice 1: 0.978154
epoch 147 | train dice 2: 0.964061
epoch 147 | train dice 3: 0.985008
epoch 147 | mean train loss: 0.024947
**** EPOCH 148 ****
2021-01-08 16:57:26.811712
epoch 148 | train dice: 0.975952
epoch 148 | train dice 1: 0.978546
epoch 148 | train dice 2: 0.964231
epoch 148 | train dice 3: 0.985078
epoch 148 | mean train loss: 0.024782
**** EPOCH 149 ****
2021-01-08 16:57:42.196084
epoch 149 | train dice: 0.975862
epoch 149 | train dice 1: 0.978500
epoch 149 | train dice 2: 0.964101
epoch 149 | train dice 3: 0.984986
epoch 149 | mean train loss: 0.024818
**** EPOCH 150 ****
2021-01-08 16:57:57.550240
epoch 150 | train dice: 0.975682
epoch 150 | train dice 1: 0.978137
epoch 150 | train dice 2: 0.963917
epoch 150 | train dice 3: 0.984992
epoch 150 | mean train loss: 0.024981
**** EPOCH 151 ****
2021-01-08 16:58:12.923092
epoch 151 | train dice: 0.975920
epoch 151 | train dice 1: 0.978211
epoch 151 | train dice 2: 0.964351
epoch 151 | train dice 3: 0.985197
epoch 151 | mean train loss: 0.024780
**** EPOCH 152 ****
2021-01-08 16:58:28.288038
epoch 152 | train dice: 0.975941
epoch 152 | train dice 1: 0.978331
epoch 152 | train dice 2: 0.964329
epoch 152 | train dice 3: 0.985164
epoch 152 | mean train loss: 0.024736
**** EPOCH 153 ****
2021-01-08 16:58:43.638219
epoch 153 | train dice: 0.975779
epoch 153 | train dice 1: 0.978167
epoch 153 | train dice 2: 0.964077
epoch 153 | train dice 3: 0.985092
epoch 153 | mean train loss: 0.024885
**** EPOCH 154 ****
2021-01-08 16:58:59.013630
epoch 154 | train dice: 0.975927
epoch 154 | train dice 1: 0.978337
epoch 154 | train dice 2: 0.964376
epoch 154 | train dice 3: 0.985067
epoch 154 | mean train loss: 0.024747
**** EPOCH 155 ****
2021-01-08 16:59:14.377330
epoch 155 | train dice: 0.975895
epoch 155 | train dice 1: 0.978434
epoch 155 | train dice 2: 0.964251
epoch 155 | train dice 3: 0.985002
epoch 155 | mean train loss: 0.024773
**** EPOCH 156 ****
2021-01-08 16:59:29.767771
epoch 156 | train dice: 0.975968
epoch 156 | train dice 1: 0.978430
epoch 156 | train dice 2: 0.964367
epoch 156 | train dice 3: 0.985109
epoch 156 | mean train loss: 0.024735
**** EPOCH 157 ****
2021-01-08 16:59:45.136458
epoch 157 | train dice: 0.975951
epoch 157 | train dice 1: 0.978419
epoch 157 | train dice 2: 0.964337
epoch 157 | train dice 3: 0.985098
epoch 157 | mean train loss: 0.024755
**** EPOCH 158 ****
2021-01-08 17:00:00.497633
epoch 158 | train dice: 0.975973
epoch 158 | train dice 1: 0.978429
epoch 158 | train dice 2: 0.964395
epoch 158 | train dice 3: 0.985094
epoch 158 | mean train loss: 0.024748
**** EPOCH 159 ****
2021-01-08 17:00:15.858787
epoch 159 | train dice: 0.975961
epoch 159 | train dice 1: 0.978252
epoch 159 | train dice 2: 0.964404
epoch 159 | train dice 3: 0.985226
epoch 159 | mean train loss: 0.024717
**** EPOCH 160 ****
2021-01-08 17:00:31.233380
epoch 160 | train dice: 0.976162
epoch 160 | train dice 1: 0.978628
epoch 160 | train dice 2: 0.964605
epoch 160 | train dice 3: 0.985252
epoch 160 | mean train loss: 0.024533
**** EPOCH 161 ****
2021-01-08 17:00:46.606247
epoch 161 | train dice: 0.976028
epoch 161 | train dice 1: 0.978352
epoch 161 | train dice 2: 0.964561
epoch 161 | train dice 3: 0.985171
epoch 161 | mean train loss: 0.024669
**** EPOCH 162 ****
2021-01-08 17:01:01.976100
epoch 162 | train dice: 0.976032
epoch 162 | train dice 1: 0.978427
epoch 162 | train dice 2: 0.964612
epoch 162 | train dice 3: 0.985057
epoch 162 | mean train loss: 0.024681
**** EPOCH 163 ****
2021-01-08 17:01:17.360998
epoch 163 | train dice: 0.976226
epoch 163 | train dice 1: 0.978725
epoch 163 | train dice 2: 0.964707
epoch 163 | train dice 3: 0.985245
epoch 163 | mean train loss: 0.024482
**** EPOCH 164 ****
2021-01-08 17:01:32.754446
epoch 164 | train dice: 0.975997
epoch 164 | train dice 1: 0.978407
epoch 164 | train dice 2: 0.964383
epoch 164 | train dice 3: 0.985202
epoch 164 | mean train loss: 0.024678
**** EPOCH 165 ****
2021-01-08 17:01:48.113239
epoch 165 | train dice: 0.976083
epoch 165 | train dice 1: 0.978477
epoch 165 | train dice 2: 0.964600
epoch 165 | train dice 3: 0.985173
epoch 165 | mean train loss: 0.024619
**** EPOCH 166 ****
2021-01-08 17:02:03.487270
epoch 166 | train dice: 0.976303
epoch 166 | train dice 1: 0.978484
epoch 166 | train dice 2: 0.965024
epoch 166 | train dice 3: 0.985402
epoch 166 | mean train loss: 0.024413
**** EPOCH 167 ****
2021-01-08 17:02:18.826384
epoch 167 | train dice: 0.976160
epoch 167 | train dice 1: 0.978490
epoch 167 | train dice 2: 0.964630
epoch 167 | train dice 3: 0.985359
epoch 167 | mean train loss: 0.024492
**** EPOCH 168 ****
2021-01-08 17:02:34.176429
epoch 168 | train dice: 0.976234
epoch 168 | train dice 1: 0.978601
epoch 168 | train dice 2: 0.964733
epoch 168 | train dice 3: 0.985368
epoch 168 | mean train loss: 0.024474
**** EPOCH 169 ****
2021-01-08 17:02:49.603635
epoch 169 | train dice: 0.976311
epoch 169 | train dice 1: 0.978762
epoch 169 | train dice 2: 0.964801
epoch 169 | train dice 3: 0.985369
epoch 169 | mean train loss: 0.024402
**** EPOCH 170 ****
2021-01-08 17:03:05.017544
epoch 170 | train dice: 0.976219
epoch 170 | train dice 1: 0.978410
epoch 170 | train dice 2: 0.964903
epoch 170 | train dice 3: 0.985343
epoch 170 | mean train loss: 0.024448
**** EPOCH 171 ****
2021-01-08 17:03:20.395373
epoch 171 | train dice: 0.976234
epoch 171 | train dice 1: 0.978524
epoch 171 | train dice 2: 0.964736
epoch 171 | train dice 3: 0.985443
epoch 171 | mean train loss: 0.024494
**** EPOCH 172 ****
2021-01-08 17:03:35.725749
epoch 172 | train dice: 0.976160
epoch 172 | train dice 1: 0.978364
epoch 172 | train dice 2: 0.964754
epoch 172 | train dice 3: 0.985362
epoch 172 | mean train loss: 0.024540
**** EPOCH 173 ****
2021-01-08 17:03:51.107355
epoch 173 | train dice: 0.976385
epoch 173 | train dice 1: 0.978844
epoch 173 | train dice 2: 0.964921
epoch 173 | train dice 3: 0.985389
epoch 173 | mean train loss: 0.024316
**** EPOCH 174 ****
2021-01-08 17:04:06.451558
epoch 174 | train dice: 0.976146
epoch 174 | train dice 1: 0.978508
epoch 174 | train dice 2: 0.964696
epoch 174 | train dice 3: 0.985235
epoch 174 | mean train loss: 0.024511
**** EPOCH 175 ****
2021-01-08 17:04:21.812608
epoch 175 | train dice: 0.976264
epoch 175 | train dice 1: 0.978468
epoch 175 | train dice 2: 0.964978
epoch 175 | train dice 3: 0.985348
epoch 175 | mean train loss: 0.024414
**** EPOCH 176 ****
2021-01-08 17:04:37.177428
epoch 176 | train dice: 0.976493
epoch 176 | train dice 1: 0.978827
epoch 176 | train dice 2: 0.965155
epoch 176 | train dice 3: 0.985495
epoch 176 | mean train loss: 0.024208
**** EPOCH 177 ****
2021-01-08 17:04:52.529134
epoch 177 | train dice: 0.976531
epoch 177 | train dice 1: 0.978902
epoch 177 | train dice 2: 0.965196
epoch 177 | train dice 3: 0.985494
epoch 177 | mean train loss: 0.024150
**** EPOCH 178 ****
2021-01-08 17:05:07.867265
epoch 178 | train dice: 0.976400
epoch 178 | train dice 1: 0.978787
epoch 178 | train dice 2: 0.964946
epoch 178 | train dice 3: 0.985468
epoch 178 | mean train loss: 0.024292
**** EPOCH 179 ****
2021-01-08 17:05:23.197930
epoch 179 | train dice: 0.976450
epoch 179 | train dice 1: 0.978918
epoch 179 | train dice 2: 0.965060
epoch 179 | train dice 3: 0.985374
epoch 179 | mean train loss: 0.024190
**** EPOCH 180 ****
2021-01-08 17:05:38.547793
epoch 180 | train dice: 0.976488
epoch 180 | train dice 1: 0.978989
epoch 180 | train dice 2: 0.964995
epoch 180 | train dice 3: 0.985480
epoch 180 | mean train loss: 0.024170
**** EPOCH 181 ****
2021-01-08 17:05:53.906728
epoch 181 | train dice: 0.976366
epoch 181 | train dice 1: 0.978749
epoch 181 | train dice 2: 0.964998
epoch 181 | train dice 3: 0.985351
epoch 181 | mean train loss: 0.024315
**** EPOCH 182 ****
2021-01-08 17:06:09.228522
epoch 182 | train dice: 0.976441
epoch 182 | train dice 1: 0.978882
epoch 182 | train dice 2: 0.965016
epoch 182 | train dice 3: 0.985426
epoch 182 | mean train loss: 0.024243
**** EPOCH 183 ****
2021-01-08 17:06:24.577277
epoch 183 | train dice: 0.976472
epoch 183 | train dice 1: 0.978859
epoch 183 | train dice 2: 0.965191
epoch 183 | train dice 3: 0.985368
epoch 183 | mean train loss: 0.024240
**** EPOCH 184 ****
2021-01-08 17:06:39.896174
epoch 184 | train dice: 0.976396
epoch 184 | train dice 1: 0.978927
epoch 184 | train dice 2: 0.964856
epoch 184 | train dice 3: 0.985405
epoch 184 | mean train loss: 0.024268
**** EPOCH 185 ****
2021-01-08 17:06:55.238671
epoch 185 | train dice: 0.976343
epoch 185 | train dice 1: 0.978600
epoch 185 | train dice 2: 0.965062
epoch 185 | train dice 3: 0.985367
epoch 185 | mean train loss: 0.024343
**** EPOCH 186 ****
2021-01-08 17:07:10.591644
epoch 186 | train dice: 0.976550
epoch 186 | train dice 1: 0.979027
epoch 186 | train dice 2: 0.965102
epoch 186 | train dice 3: 0.985520
epoch 186 | mean train loss: 0.024153
**** EPOCH 187 ****
2021-01-08 17:07:25.961199
epoch 187 | train dice: 0.976520
epoch 187 | train dice 1: 0.978963
epoch 187 | train dice 2: 0.965124
epoch 187 | train dice 3: 0.985472
epoch 187 | mean train loss: 0.024148
**** EPOCH 188 ****
2021-01-08 17:07:41.277404
epoch 188 | train dice: 0.976542
epoch 188 | train dice 1: 0.978841
epoch 188 | train dice 2: 0.965292
epoch 188 | train dice 3: 0.985491
epoch 188 | mean train loss: 0.024147
**** EPOCH 189 ****
2021-01-08 17:07:56.602981
epoch 189 | train dice: 0.976577
epoch 189 | train dice 1: 0.978903
epoch 189 | train dice 2: 0.965355
epoch 189 | train dice 3: 0.985473
epoch 189 | mean train loss: 0.024102
**** EPOCH 190 ****
2021-01-08 17:08:11.964440
epoch 190 | train dice: 0.976740
epoch 190 | train dice 1: 0.978986
epoch 190 | train dice 2: 0.965566
epoch 190 | train dice 3: 0.985669
epoch 190 | mean train loss: 0.023959
**** EPOCH 191 ****
2021-01-08 17:08:27.299012
epoch 191 | train dice: 0.976528
epoch 191 | train dice 1: 0.978816
epoch 191 | train dice 2: 0.965369
epoch 191 | train dice 3: 0.985399
epoch 191 | mean train loss: 0.024160
**** EPOCH 192 ****
2021-01-08 17:08:42.647173
epoch 192 | train dice: 0.976744
epoch 192 | train dice 1: 0.979072
epoch 192 | train dice 2: 0.965560
epoch 192 | train dice 3: 0.985600
epoch 192 | mean train loss: 0.023948
**** EPOCH 193 ****
2021-01-08 17:08:58.003705
epoch 193 | train dice: 0.976676
epoch 193 | train dice 1: 0.979005
epoch 193 | train dice 2: 0.965466
epoch 193 | train dice 3: 0.985558
epoch 193 | mean train loss: 0.024045
**** EPOCH 194 ****
2021-01-08 17:09:13.371377
epoch 194 | train dice: 0.976397
epoch 194 | train dice 1: 0.978774
epoch 194 | train dice 2: 0.965038
epoch 194 | train dice 3: 0.985380
epoch 194 | mean train loss: 0.024289
**** EPOCH 195 ****
2021-01-08 17:09:28.716780
epoch 195 | train dice: 0.976689
epoch 195 | train dice 1: 0.978967
epoch 195 | train dice 2: 0.965510
epoch 195 | train dice 3: 0.985590
epoch 195 | mean train loss: 0.024028
**** EPOCH 196 ****
2021-01-08 17:09:44.077471
epoch 196 | train dice: 0.976601
epoch 196 | train dice 1: 0.978805
epoch 196 | train dice 2: 0.965428
epoch 196 | train dice 3: 0.985571
epoch 196 | mean train loss: 0.024066
**** EPOCH 197 ****
2021-01-08 17:09:59.415651
epoch 197 | train dice: 0.976692
epoch 197 | train dice 1: 0.979187
epoch 197 | train dice 2: 0.965425
epoch 197 | train dice 3: 0.985464
epoch 197 | mean train loss: 0.023963
**** EPOCH 198 ****
2021-01-08 17:10:14.756734
epoch 198 | train dice: 0.976676
epoch 198 | train dice 1: 0.979140
epoch 198 | train dice 2: 0.965303
epoch 198 | train dice 3: 0.985587
epoch 198 | mean train loss: 0.023964
**** EPOCH 199 ****
2021-01-08 17:10:30.105899
epoch 199 | train dice: 0.976639
epoch 199 | train dice 1: 0.978967
epoch 199 | train dice 2: 0.965458
epoch 199 | train dice 3: 0.985491
epoch 199 | mean train loss: 0.024026
**** EPOCH 200 ****
2021-01-08 17:10:45.464709
epoch 200 | train dice: 0.976771
epoch 200 | train dice 1: 0.978983
epoch 200 | train dice 2: 0.965636
epoch 200 | train dice 3: 0.985692
epoch 200 | mean train loss: 0.023892

Training complete in 51m 9s.
Time per epoch: 15s.
