Experiment settings:
	optimiser: adam 
	lr scheduler: step, gamma=0.1, milestones=[50, 100] 
	lr: 0.001 
	batch size: 16 
	momentum: 0.9 

**** EPOCH 001 ****
2021-01-08 18:35:58.107217
epoch 1 | train dice: 0.279492
epoch 1 | train dice 1: 0.076660
epoch 1 | train dice 2: 0.251346
epoch 1 | train dice 3: 0.510471
epoch 1 | mean train loss: 0.872618
**** EPOCH 002 ****
2021-01-08 18:36:11.847724
epoch 2 | train dice: 0.570214
epoch 2 | train dice 1: 0.049624
epoch 2 | train dice 2: 0.760415
epoch 2 | train dice 3: 0.900605
epoch 2 | mean train loss: 0.477454
**** EPOCH 003 ****
2021-01-08 18:36:25.629446
epoch 3 | train dice: 0.608198
epoch 3 | train dice 1: 0.067766
epoch 3 | train dice 2: 0.827906
epoch 3 | train dice 3: 0.928923
epoch 3 | mean train loss: 0.401647
**** EPOCH 004 ****
2021-01-08 18:36:39.402852
epoch 4 | train dice: 0.806220
epoch 4 | train dice 1: 0.644902
epoch 4 | train dice 2: 0.838868
epoch 4 | train dice 3: 0.934891
epoch 4 | mean train loss: 0.224899
**** EPOCH 005 ****
2021-01-08 18:36:53.164514
epoch 5 | train dice: 0.876602
epoch 5 | train dice 1: 0.855425
epoch 5 | train dice 2: 0.842098
epoch 5 | train dice 3: 0.932283
epoch 5 | mean train loss: 0.130318
**** EPOCH 006 ****
2021-01-08 18:37:06.941212
epoch 6 | train dice: 0.895675
epoch 6 | train dice 1: 0.878283
epoch 6 | train dice 2: 0.866016
epoch 6 | train dice 3: 0.942725
epoch 6 | mean train loss: 0.108677
**** EPOCH 007 ****
2021-01-08 18:37:20.737461
epoch 7 | train dice: 0.907127
epoch 7 | train dice 1: 0.898192
epoch 7 | train dice 2: 0.873616
epoch 7 | train dice 3: 0.949572
epoch 7 | mean train loss: 0.096195
**** EPOCH 008 ****
2021-01-08 18:37:34.603666
epoch 8 | train dice: 0.910367
epoch 8 | train dice 1: 0.906131
epoch 8 | train dice 2: 0.875773
epoch 8 | train dice 3: 0.949197
epoch 8 | mean train loss: 0.092307
**** EPOCH 009 ****
2021-01-08 18:37:48.422491
epoch 9 | train dice: 0.915853
epoch 9 | train dice 1: 0.911276
epoch 9 | train dice 2: 0.882580
epoch 9 | train dice 3: 0.953704
epoch 9 | mean train loss: 0.086382
**** EPOCH 010 ****
2021-01-08 18:38:02.265499
epoch 10 | train dice: 0.916895
epoch 10 | train dice 1: 0.917134
epoch 10 | train dice 2: 0.882864
epoch 10 | train dice 3: 0.950689
epoch 10 | mean train loss: 0.085324
**** EPOCH 011 ****
2021-01-08 18:38:16.084104
epoch 11 | train dice: 0.920597
epoch 11 | train dice 1: 0.921269
epoch 11 | train dice 2: 0.886065
epoch 11 | train dice 3: 0.954457
epoch 11 | mean train loss: 0.081179
**** EPOCH 012 ****
2021-01-08 18:38:29.869191
epoch 12 | train dice: 0.924327
epoch 12 | train dice 1: 0.925159
epoch 12 | train dice 2: 0.892090
epoch 12 | train dice 3: 0.955733
epoch 12 | mean train loss: 0.077328
**** EPOCH 013 ****
2021-01-08 18:38:43.689390
epoch 13 | train dice: 0.927697
epoch 13 | train dice 1: 0.927601
epoch 13 | train dice 2: 0.896468
epoch 13 | train dice 3: 0.959023
epoch 13 | mean train loss: 0.073778
**** EPOCH 014 ****
2021-01-08 18:38:57.551508
epoch 14 | train dice: 0.920981
epoch 14 | train dice 1: 0.915358
epoch 14 | train dice 2: 0.890267
epoch 14 | train dice 3: 0.957317
epoch 14 | mean train loss: 0.080642
**** EPOCH 015 ****
2021-01-08 18:39:11.429061
epoch 15 | train dice: 0.925643
epoch 15 | train dice 1: 0.924232
epoch 15 | train dice 2: 0.895746
epoch 15 | train dice 3: 0.956951
epoch 15 | mean train loss: 0.075701
**** EPOCH 016 ****
2021-01-08 18:39:25.298900
epoch 16 | train dice: 0.929643
epoch 16 | train dice 1: 0.932111
epoch 16 | train dice 2: 0.897653
epoch 16 | train dice 3: 0.959166
epoch 16 | mean train loss: 0.071546
**** EPOCH 017 ****
2021-01-08 18:39:39.170734
epoch 17 | train dice: 0.933568
epoch 17 | train dice 1: 0.936935
epoch 17 | train dice 2: 0.902898
epoch 17 | train dice 3: 0.960873
epoch 17 | mean train loss: 0.067532
**** EPOCH 018 ****
2021-01-08 18:39:52.992257
epoch 18 | train dice: 0.936368
epoch 18 | train dice 1: 0.940746
epoch 18 | train dice 2: 0.906013
epoch 18 | train dice 3: 0.962344
epoch 18 | mean train loss: 0.064668
**** EPOCH 019 ****
2021-01-08 18:40:06.852743
epoch 19 | train dice: 0.937778
epoch 19 | train dice 1: 0.942135
epoch 19 | train dice 2: 0.907980
epoch 19 | train dice 3: 0.963218
epoch 19 | mean train loss: 0.063226
**** EPOCH 020 ****
2021-01-08 18:40:20.677199
epoch 20 | train dice: 0.936782
epoch 20 | train dice 1: 0.939638
epoch 20 | train dice 2: 0.907432
epoch 20 | train dice 3: 0.963277
epoch 20 | mean train loss: 0.064201
**** EPOCH 021 ****
2021-01-08 18:40:34.471806
epoch 21 | train dice: 0.935710
epoch 21 | train dice 1: 0.940358
epoch 21 | train dice 2: 0.905448
epoch 21 | train dice 3: 0.961325
epoch 21 | mean train loss: 0.065175
**** EPOCH 022 ****
2021-01-08 18:40:48.326265
epoch 22 | train dice: 0.936894
epoch 22 | train dice 1: 0.937988
epoch 22 | train dice 2: 0.908829
epoch 22 | train dice 3: 0.963866
epoch 22 | mean train loss: 0.063906
**** EPOCH 023 ****
2021-01-08 18:41:02.134747
epoch 23 | train dice: 0.937802
epoch 23 | train dice 1: 0.941568
epoch 23 | train dice 2: 0.908525
epoch 23 | train dice 3: 0.963313
epoch 23 | mean train loss: 0.063136
**** EPOCH 024 ****
2021-01-08 18:41:16.006841
epoch 24 | train dice: 0.942270
epoch 24 | train dice 1: 0.946762
epoch 24 | train dice 2: 0.914688
epoch 24 | train dice 3: 0.965361
epoch 24 | mean train loss: 0.058472
**** EPOCH 025 ****
2021-01-08 18:41:29.865814
epoch 25 | train dice: 0.943340
epoch 25 | train dice 1: 0.948435
epoch 25 | train dice 2: 0.915349
epoch 25 | train dice 3: 0.966235
epoch 25 | mean train loss: 0.057484
**** EPOCH 026 ****
2021-01-08 18:41:43.705165
epoch 26 | train dice: 0.939156
epoch 26 | train dice 1: 0.941197
epoch 26 | train dice 2: 0.911484
epoch 26 | train dice 3: 0.964786
epoch 26 | mean train loss: 0.061526
**** EPOCH 027 ****
2021-01-08 18:41:57.565270
epoch 27 | train dice: 0.935944
epoch 27 | train dice 1: 0.937122
epoch 27 | train dice 2: 0.907944
epoch 27 | train dice 3: 0.962765
epoch 27 | mean train loss: 0.064776
**** EPOCH 028 ****
2021-01-08 18:42:11.401671
epoch 28 | train dice: 0.943323
epoch 28 | train dice 1: 0.947351
epoch 28 | train dice 2: 0.915900
epoch 28 | train dice 3: 0.966719
epoch 28 | mean train loss: 0.057372
**** EPOCH 029 ****
2021-01-08 18:42:25.249426
epoch 29 | train dice: 0.944867
epoch 29 | train dice 1: 0.949386
epoch 29 | train dice 2: 0.917691
epoch 29 | train dice 3: 0.967522
epoch 29 | mean train loss: 0.055751
**** EPOCH 030 ****
2021-01-08 18:42:39.087877
epoch 30 | train dice: 0.945722
epoch 30 | train dice 1: 0.951030
epoch 30 | train dice 2: 0.918790
epoch 30 | train dice 3: 0.967344
epoch 30 | mean train loss: 0.054893
**** EPOCH 031 ****
2021-01-08 18:42:52.954859
epoch 31 | train dice: 0.945936
epoch 31 | train dice 1: 0.949734
epoch 31 | train dice 2: 0.919751
epoch 31 | train dice 3: 0.968323
epoch 31 | mean train loss: 0.054654
**** EPOCH 032 ****
2021-01-08 18:43:06.789185
epoch 32 | train dice: 0.947062
epoch 32 | train dice 1: 0.951654
epoch 32 | train dice 2: 0.921246
epoch 32 | train dice 3: 0.968288
epoch 32 | mean train loss: 0.053515
**** EPOCH 033 ****
2021-01-08 18:43:20.680545
epoch 33 | train dice: 0.948163
epoch 33 | train dice 1: 0.953056
epoch 33 | train dice 2: 0.922475
epoch 33 | train dice 3: 0.968960
epoch 33 | mean train loss: 0.052388
**** EPOCH 034 ****
2021-01-08 18:43:34.533943
epoch 34 | train dice: 0.941080
epoch 34 | train dice 1: 0.946484
epoch 34 | train dice 2: 0.912452
epoch 34 | train dice 3: 0.964305
epoch 34 | mean train loss: 0.059513
**** EPOCH 035 ****
2021-01-08 18:43:48.395361
epoch 35 | train dice: 0.943974
epoch 35 | train dice 1: 0.946766
epoch 35 | train dice 2: 0.918014
epoch 35 | train dice 3: 0.967141
epoch 35 | mean train loss: 0.056625
**** EPOCH 036 ****
2021-01-08 18:44:02.216976
epoch 36 | train dice: 0.941024
epoch 36 | train dice 1: 0.945377
epoch 36 | train dice 2: 0.912935
epoch 36 | train dice 3: 0.964760
epoch 36 | mean train loss: 0.059563
**** EPOCH 037 ****
2021-01-08 18:44:16.008074
epoch 37 | train dice: 0.946471
epoch 37 | train dice 1: 0.949977
epoch 37 | train dice 2: 0.920710
epoch 37 | train dice 3: 0.968726
epoch 37 | mean train loss: 0.054044
**** EPOCH 038 ****
2021-01-08 18:44:29.888495
epoch 38 | train dice: 0.948385
epoch 38 | train dice 1: 0.952400
epoch 38 | train dice 2: 0.923477
epoch 38 | train dice 3: 0.969278
epoch 38 | mean train loss: 0.052141
**** EPOCH 039 ****
2021-01-08 18:44:43.772732
epoch 39 | train dice: 0.950273
epoch 39 | train dice 1: 0.954573
epoch 39 | train dice 2: 0.925813
epoch 39 | train dice 3: 0.970434
epoch 39 | mean train loss: 0.050202
**** EPOCH 040 ****
2021-01-08 18:44:57.668937
epoch 40 | train dice: 0.948845
epoch 40 | train dice 1: 0.951308
epoch 40 | train dice 2: 0.925036
epoch 40 | train dice 3: 0.970190
epoch 40 | mean train loss: 0.051680
**** EPOCH 041 ****
2021-01-08 18:45:11.556544
epoch 41 | train dice: 0.951496
epoch 41 | train dice 1: 0.955762
epoch 41 | train dice 2: 0.927675
epoch 41 | train dice 3: 0.971051
epoch 41 | mean train loss: 0.048935
**** EPOCH 042 ****
2021-01-08 18:45:25.413466
epoch 42 | train dice: 0.952639
epoch 42 | train dice 1: 0.957212
epoch 42 | train dice 2: 0.929441
epoch 42 | train dice 3: 0.971266
epoch 42 | mean train loss: 0.047865
**** EPOCH 043 ****
2021-01-08 18:45:39.273655
epoch 43 | train dice: 0.953459
epoch 43 | train dice 1: 0.957986
epoch 43 | train dice 2: 0.930313
epoch 43 | train dice 3: 0.972078
epoch 43 | mean train loss: 0.047007
**** EPOCH 044 ****
2021-01-08 18:45:53.124378
epoch 44 | train dice: 0.953970
epoch 44 | train dice 1: 0.959110
epoch 44 | train dice 2: 0.931136
epoch 44 | train dice 3: 0.971662
epoch 44 | mean train loss: 0.046424
**** EPOCH 045 ****
2021-01-08 18:46:07.016869
epoch 45 | train dice: 0.953931
epoch 45 | train dice 1: 0.958508
epoch 45 | train dice 2: 0.931089
epoch 45 | train dice 3: 0.972195
epoch 45 | mean train loss: 0.046439
**** EPOCH 046 ****
2021-01-08 18:46:20.885899
epoch 46 | train dice: 0.955185
epoch 46 | train dice 1: 0.960409
epoch 46 | train dice 2: 0.932477
epoch 46 | train dice 3: 0.972670
epoch 46 | mean train loss: 0.045215
**** EPOCH 047 ****
2021-01-08 18:46:34.760135
epoch 47 | train dice: 0.955387
epoch 47 | train dice 1: 0.958876
epoch 47 | train dice 2: 0.934026
epoch 47 | train dice 3: 0.973260
epoch 47 | mean train loss: 0.045007
**** EPOCH 048 ****
2021-01-08 18:46:48.568896
epoch 48 | train dice: 0.955003
epoch 48 | train dice 1: 0.959487
epoch 48 | train dice 2: 0.932359
epoch 48 | train dice 3: 0.973163
epoch 48 | mean train loss: 0.045397
**** EPOCH 049 ****
2021-01-08 18:47:02.387814
epoch 49 | train dice: 0.955588
epoch 49 | train dice 1: 0.960228
epoch 49 | train dice 2: 0.933335
epoch 49 | train dice 3: 0.973201
epoch 49 | mean train loss: 0.044840
**** EPOCH 050 ****
2021-01-08 18:47:16.249612
epoch 50 | train dice: 0.957315
epoch 50 | train dice 1: 0.961970
epoch 50 | train dice 2: 0.935881
epoch 50 | train dice 3: 0.974093
epoch 50 | mean train loss: 0.043126
**** EPOCH 051 ****
2021-01-08 18:47:30.275077
epoch 51 | train dice: 0.961101
epoch 51 | train dice 1: 0.965028
epoch 51 | train dice 2: 0.941969
epoch 51 | train dice 3: 0.976307
epoch 51 | mean train loss: 0.039292
**** EPOCH 052 ****
2021-01-08 18:47:44.258015
epoch 52 | train dice: 0.963472
epoch 52 | train dice 1: 0.967254
epoch 52 | train dice 2: 0.945213
epoch 52 | train dice 3: 0.977949
epoch 52 | mean train loss: 0.037021
**** EPOCH 053 ****
2021-01-08 18:47:58.222925
epoch 53 | train dice: 0.963976
epoch 53 | train dice 1: 0.967643
epoch 53 | train dice 2: 0.946167
epoch 53 | train dice 3: 0.978120
epoch 53 | mean train loss: 0.036468
**** EPOCH 054 ****
2021-01-08 18:48:12.185427
epoch 54 | train dice: 0.964665
epoch 54 | train dice 1: 0.968249
epoch 54 | train dice 2: 0.947268
epoch 54 | train dice 3: 0.978476
epoch 54 | mean train loss: 0.035780
**** EPOCH 055 ****
2021-01-08 18:48:26.052980
epoch 55 | train dice: 0.965197
epoch 55 | train dice 1: 0.968631
epoch 55 | train dice 2: 0.948021
epoch 55 | train dice 3: 0.978940
epoch 55 | mean train loss: 0.035297
**** EPOCH 056 ****
2021-01-08 18:48:40.034270
epoch 56 | train dice: 0.965492
epoch 56 | train dice 1: 0.968688
epoch 56 | train dice 2: 0.948384
epoch 56 | train dice 3: 0.979403
epoch 56 | mean train loss: 0.034994
**** EPOCH 057 ****
2021-01-08 18:48:54.096198
epoch 57 | train dice: 0.965957
epoch 57 | train dice 1: 0.969261
epoch 57 | train dice 2: 0.949062
epoch 57 | train dice 3: 0.979547
epoch 57 | mean train loss: 0.034571
**** EPOCH 058 ****
2021-01-08 18:49:08.211181
epoch 58 | train dice: 0.966437
epoch 58 | train dice 1: 0.969562
epoch 58 | train dice 2: 0.949895
epoch 58 | train dice 3: 0.979853
epoch 58 | mean train loss: 0.034146
**** EPOCH 059 ****
2021-01-08 18:49:22.224375
epoch 59 | train dice: 0.966695
epoch 59 | train dice 1: 0.969841
epoch 59 | train dice 2: 0.950334
epoch 59 | train dice 3: 0.979910
epoch 59 | mean train loss: 0.033849
**** EPOCH 060 ****
2021-01-08 18:49:36.362556
epoch 60 | train dice: 0.966985
epoch 60 | train dice 1: 0.970086
epoch 60 | train dice 2: 0.950717
epoch 60 | train dice 3: 0.980152
epoch 60 | mean train loss: 0.033570
**** EPOCH 061 ****
2021-01-08 18:49:50.172407
epoch 61 | train dice: 0.967226
epoch 61 | train dice 1: 0.970306
epoch 61 | train dice 2: 0.951109
epoch 61 | train dice 3: 0.980263
epoch 61 | mean train loss: 0.033371
**** EPOCH 062 ****
2021-01-08 18:50:03.952869
epoch 62 | train dice: 0.967688
epoch 62 | train dice 1: 0.970603
epoch 62 | train dice 2: 0.951840
epoch 62 | train dice 3: 0.980621
epoch 62 | mean train loss: 0.032916
**** EPOCH 063 ****
2021-01-08 18:50:17.769505
epoch 63 | train dice: 0.967926
epoch 63 | train dice 1: 0.970986
epoch 63 | train dice 2: 0.952047
epoch 63 | train dice 3: 0.980746
epoch 63 | mean train loss: 0.032704
**** EPOCH 064 ****
2021-01-08 18:50:31.638696
epoch 64 | train dice: 0.968166
epoch 64 | train dice 1: 0.971489
epoch 64 | train dice 2: 0.952335
epoch 64 | train dice 3: 0.980674
epoch 64 | mean train loss: 0.032401
**** EPOCH 065 ****
2021-01-08 18:50:45.479406
epoch 65 | train dice: 0.968153
epoch 65 | train dice 1: 0.971262
epoch 65 | train dice 2: 0.952515
epoch 65 | train dice 3: 0.980684
epoch 65 | mean train loss: 0.032455
**** EPOCH 066 ****
2021-01-08 18:50:59.332341
epoch 66 | train dice: 0.968401
epoch 66 | train dice 1: 0.971420
epoch 66 | train dice 2: 0.952893
epoch 66 | train dice 3: 0.980890
epoch 66 | mean train loss: 0.032202
**** EPOCH 067 ****
2021-01-08 18:51:13.191543
epoch 67 | train dice: 0.969136
epoch 67 | train dice 1: 0.972306
epoch 67 | train dice 2: 0.953837
epoch 67 | train dice 3: 0.981263
epoch 67 | mean train loss: 0.031491
**** EPOCH 068 ****
2021-01-08 18:51:27.001739
epoch 68 | train dice: 0.969369
epoch 68 | train dice 1: 0.972499
epoch 68 | train dice 2: 0.954124
epoch 68 | train dice 3: 0.981484
epoch 68 | mean train loss: 0.031249
**** EPOCH 069 ****
2021-01-08 18:51:40.845823
epoch 69 | train dice: 0.969297
epoch 69 | train dice 1: 0.972166
epoch 69 | train dice 2: 0.954381
epoch 69 | train dice 3: 0.981344
epoch 69 | mean train loss: 0.031300
**** EPOCH 070 ****
2021-01-08 18:51:54.632778
epoch 70 | train dice: 0.969652
epoch 70 | train dice 1: 0.972674
epoch 70 | train dice 2: 0.954559
epoch 70 | train dice 3: 0.981722
epoch 70 | mean train loss: 0.030962
**** EPOCH 071 ****
2021-01-08 18:52:08.511827
epoch 71 | train dice: 0.969972
epoch 71 | train dice 1: 0.972931
epoch 71 | train dice 2: 0.955165
epoch 71 | train dice 3: 0.981820
epoch 71 | mean train loss: 0.030668
**** EPOCH 072 ****
2021-01-08 18:52:22.341778
epoch 72 | train dice: 0.969888
epoch 72 | train dice 1: 0.972908
epoch 72 | train dice 2: 0.955032
epoch 72 | train dice 3: 0.981723
epoch 72 | mean train loss: 0.030771
**** EPOCH 073 ****
2021-01-08 18:52:36.214884
epoch 73 | train dice: 0.970561
epoch 73 | train dice 1: 0.973579
epoch 73 | train dice 2: 0.955986
epoch 73 | train dice 3: 0.982117
epoch 73 | mean train loss: 0.030069
**** EPOCH 074 ****
2021-01-08 18:52:50.069181
epoch 74 | train dice: 0.970537
epoch 74 | train dice 1: 0.973450
epoch 74 | train dice 2: 0.956118
epoch 74 | train dice 3: 0.982045
epoch 74 | mean train loss: 0.030111
**** EPOCH 075 ****
2021-01-08 18:53:03.940929
epoch 75 | train dice: 0.970815
epoch 75 | train dice 1: 0.973646
epoch 75 | train dice 2: 0.956353
epoch 75 | train dice 3: 0.982447
epoch 75 | mean train loss: 0.029879
**** EPOCH 076 ****
2021-01-08 18:53:17.839468
epoch 76 | train dice: 0.970964
epoch 76 | train dice 1: 0.973634
epoch 76 | train dice 2: 0.956778
epoch 76 | train dice 3: 0.982481
epoch 76 | mean train loss: 0.029706
**** EPOCH 077 ****
2021-01-08 18:53:31.656458
epoch 77 | train dice: 0.971202
epoch 77 | train dice 1: 0.973961
epoch 77 | train dice 2: 0.956890
epoch 77 | train dice 3: 0.982755
epoch 77 | mean train loss: 0.029466
**** EPOCH 078 ****
2021-01-08 18:53:45.497969
epoch 78 | train dice: 0.971316
epoch 78 | train dice 1: 0.974016
epoch 78 | train dice 2: 0.957406
epoch 78 | train dice 3: 0.982527
epoch 78 | mean train loss: 0.029370
**** EPOCH 079 ****
2021-01-08 18:53:59.370478
epoch 79 | train dice: 0.971397
epoch 79 | train dice 1: 0.974259
epoch 79 | train dice 2: 0.957360
epoch 79 | train dice 3: 0.982572
epoch 79 | mean train loss: 0.029239
**** EPOCH 080 ****
2021-01-08 18:54:13.274020
epoch 80 | train dice: 0.971671
epoch 80 | train dice 1: 0.974528
epoch 80 | train dice 2: 0.957639
epoch 80 | train dice 3: 0.982847
epoch 80 | mean train loss: 0.028945
**** EPOCH 081 ****
2021-01-08 18:54:27.144770
epoch 81 | train dice: 0.971842
epoch 81 | train dice 1: 0.974640
epoch 81 | train dice 2: 0.958001
epoch 81 | train dice 3: 0.982886
epoch 81 | mean train loss: 0.028805
**** EPOCH 082 ****
2021-01-08 18:54:41.026786
epoch 82 | train dice: 0.972040
epoch 82 | train dice 1: 0.974492
epoch 82 | train dice 2: 0.958441
epoch 82 | train dice 3: 0.983188
epoch 82 | mean train loss: 0.028585
**** EPOCH 083 ****
2021-01-08 18:54:54.894054
epoch 83 | train dice: 0.972294
epoch 83 | train dice 1: 0.974749
epoch 83 | train dice 2: 0.958931
epoch 83 | train dice 3: 0.983202
epoch 83 | mean train loss: 0.028340
**** EPOCH 084 ****
2021-01-08 18:55:08.761351
epoch 84 | train dice: 0.972425
epoch 84 | train dice 1: 0.975191
epoch 84 | train dice 2: 0.958984
epoch 84 | train dice 3: 0.983101
epoch 84 | mean train loss: 0.028192
**** EPOCH 085 ****
2021-01-08 18:55:22.649818
epoch 85 | train dice: 0.972533
epoch 85 | train dice 1: 0.975453
epoch 85 | train dice 2: 0.958732
epoch 85 | train dice 3: 0.983415
epoch 85 | mean train loss: 0.028127
**** EPOCH 086 ****
2021-01-08 18:55:36.523227
epoch 86 | train dice: 0.972604
epoch 86 | train dice 1: 0.975204
epoch 86 | train dice 2: 0.959120
epoch 86 | train dice 3: 0.983487
epoch 86 | mean train loss: 0.027991
**** EPOCH 087 ****
2021-01-08 18:55:50.410754
epoch 87 | train dice: 0.972963
epoch 87 | train dice 1: 0.975542
epoch 87 | train dice 2: 0.959696
epoch 87 | train dice 3: 0.983652
epoch 87 | mean train loss: 0.027656
**** EPOCH 088 ****
2021-01-08 18:56:04.233260
epoch 88 | train dice: 0.973172
epoch 88 | train dice 1: 0.975842
epoch 88 | train dice 2: 0.960024
epoch 88 | train dice 3: 0.983651
epoch 88 | mean train loss: 0.027457
**** EPOCH 089 ****
2021-01-08 18:56:18.101155
epoch 89 | train dice: 0.973330
epoch 89 | train dice 1: 0.976182
epoch 89 | train dice 2: 0.960103
epoch 89 | train dice 3: 0.983704
epoch 89 | mean train loss: 0.027286
**** EPOCH 090 ****
2021-01-08 18:56:31.922323
epoch 90 | train dice: 0.973699
epoch 90 | train dice 1: 0.976311
epoch 90 | train dice 2: 0.960780
epoch 90 | train dice 3: 0.984007
epoch 90 | mean train loss: 0.026962
**** EPOCH 091 ****
2021-01-08 18:56:45.743789
epoch 91 | train dice: 0.973520
epoch 91 | train dice 1: 0.975963
epoch 91 | train dice 2: 0.960614
epoch 91 | train dice 3: 0.983983
epoch 91 | mean train loss: 0.027114
**** EPOCH 092 ****
2021-01-08 18:56:59.596330
epoch 92 | train dice: 0.973754
epoch 92 | train dice 1: 0.976217
epoch 92 | train dice 2: 0.960747
epoch 92 | train dice 3: 0.984299
epoch 92 | mean train loss: 0.026887
**** EPOCH 093 ****
2021-01-08 18:57:13.461358
epoch 93 | train dice: 0.974004
epoch 93 | train dice 1: 0.976559
epoch 93 | train dice 2: 0.961159
epoch 93 | train dice 3: 0.984295
epoch 93 | mean train loss: 0.026667
**** EPOCH 094 ****
2021-01-08 18:57:27.338294
epoch 94 | train dice: 0.974079
epoch 94 | train dice 1: 0.976762
epoch 94 | train dice 2: 0.961294
epoch 94 | train dice 3: 0.984183
epoch 94 | mean train loss: 0.026549
**** EPOCH 095 ****
2021-01-08 18:57:41.165826
epoch 95 | train dice: 0.974035
epoch 95 | train dice 1: 0.976170
epoch 95 | train dice 2: 0.961546
epoch 95 | train dice 3: 0.984390
epoch 95 | mean train loss: 0.026592
**** EPOCH 096 ****
2021-01-08 18:57:55.052258
epoch 96 | train dice: 0.974094
epoch 96 | train dice 1: 0.976512
epoch 96 | train dice 2: 0.961384
epoch 96 | train dice 3: 0.984387
epoch 96 | mean train loss: 0.026493
**** EPOCH 097 ****
2021-01-08 18:58:08.899421
epoch 97 | train dice: 0.974578
epoch 97 | train dice 1: 0.977052
epoch 97 | train dice 2: 0.962159
epoch 97 | train dice 3: 0.984523
epoch 97 | mean train loss: 0.026039
**** EPOCH 098 ****
2021-01-08 18:58:22.774542
epoch 98 | train dice: 0.974667
epoch 98 | train dice 1: 0.977070
epoch 98 | train dice 2: 0.962272
epoch 98 | train dice 3: 0.984658
epoch 98 | mean train loss: 0.025907
**** EPOCH 099 ****
2021-01-08 18:58:36.654298
epoch 99 | train dice: 0.974842
epoch 99 | train dice 1: 0.977326
epoch 99 | train dice 2: 0.962313
epoch 99 | train dice 3: 0.984885
epoch 99 | mean train loss: 0.025803
**** EPOCH 100 ****
2021-01-08 18:58:50.466761
epoch 100 | train dice: 0.974803
epoch 100 | train dice 1: 0.977274
epoch 100 | train dice 2: 0.962395
epoch 100 | train dice 3: 0.984738
epoch 100 | mean train loss: 0.025798
**** EPOCH 101 ****
2021-01-08 18:59:04.300289
epoch 101 | train dice: 0.975669
epoch 101 | train dice 1: 0.978006
epoch 101 | train dice 2: 0.963794
epoch 101 | train dice 3: 0.985206
epoch 101 | mean train loss: 0.024948
**** EPOCH 102 ****
2021-01-08 18:59:18.128996
epoch 102 | train dice: 0.975848
epoch 102 | train dice 1: 0.977973
epoch 102 | train dice 2: 0.964139
epoch 102 | train dice 3: 0.985433
epoch 102 | mean train loss: 0.024762
**** EPOCH 103 ****
2021-01-08 18:59:31.980590
epoch 103 | train dice: 0.975856
epoch 103 | train dice 1: 0.977846
epoch 103 | train dice 2: 0.964245
epoch 103 | train dice 3: 0.985476
epoch 103 | mean train loss: 0.024783
**** EPOCH 104 ****
2021-01-08 18:59:45.815120
epoch 104 | train dice: 0.976079
epoch 104 | train dice 1: 0.978410
epoch 104 | train dice 2: 0.964459
epoch 104 | train dice 3: 0.985368
epoch 104 | mean train loss: 0.024569
**** EPOCH 105 ****
2021-01-08 18:59:59.693617
epoch 105 | train dice: 0.975969
epoch 105 | train dice 1: 0.978159
epoch 105 | train dice 2: 0.964383
epoch 105 | train dice 3: 0.985365
epoch 105 | mean train loss: 0.024652
**** EPOCH 106 ****
2021-01-08 19:00:13.577917
epoch 106 | train dice: 0.976358
epoch 106 | train dice 1: 0.978790
epoch 106 | train dice 2: 0.964720
epoch 106 | train dice 3: 0.985563
epoch 106 | mean train loss: 0.024264
**** EPOCH 107 ****
2021-01-08 19:00:27.459138
epoch 107 | train dice: 0.976123
epoch 107 | train dice 1: 0.978187
epoch 107 | train dice 2: 0.964650
epoch 107 | train dice 3: 0.985531
epoch 107 | mean train loss: 0.024487
**** EPOCH 108 ****
2021-01-08 19:00:41.349254
epoch 108 | train dice: 0.976277
epoch 108 | train dice 1: 0.978370
epoch 108 | train dice 2: 0.964916
epoch 108 | train dice 3: 0.985546
epoch 108 | mean train loss: 0.024363
**** EPOCH 109 ****
2021-01-08 19:00:55.203898
epoch 109 | train dice: 0.976304
epoch 109 | train dice 1: 0.978599
epoch 109 | train dice 2: 0.964744
epoch 109 | train dice 3: 0.985570
epoch 109 | mean train loss: 0.024341
**** EPOCH 110 ****
2021-01-08 19:01:09.026437
epoch 110 | train dice: 0.976400
epoch 110 | train dice 1: 0.978688
epoch 110 | train dice 2: 0.964819
epoch 110 | train dice 3: 0.985694
epoch 110 | mean train loss: 0.024245
**** EPOCH 111 ****
2021-01-08 19:01:22.886059
epoch 111 | train dice: 0.976353
epoch 111 | train dice 1: 0.978566
epoch 111 | train dice 2: 0.964892
epoch 111 | train dice 3: 0.985600
epoch 111 | mean train loss: 0.024265
**** EPOCH 112 ****
2021-01-08 19:01:36.717666
epoch 112 | train dice: 0.976405
epoch 112 | train dice 1: 0.978717
epoch 112 | train dice 2: 0.964905
epoch 112 | train dice 3: 0.985594
epoch 112 | mean train loss: 0.024226
**** EPOCH 113 ****
2021-01-08 19:01:50.615284
epoch 113 | train dice: 0.976388
epoch 113 | train dice 1: 0.978501
epoch 113 | train dice 2: 0.964863
epoch 113 | train dice 3: 0.985800
epoch 113 | mean train loss: 0.024280
**** EPOCH 114 ****
2021-01-08 19:02:04.467266
epoch 114 | train dice: 0.976531
epoch 114 | train dice 1: 0.978818
epoch 114 | train dice 2: 0.964995
epoch 114 | train dice 3: 0.985781
epoch 114 | mean train loss: 0.024114
**** EPOCH 115 ****
2021-01-08 19:02:18.325243
epoch 115 | train dice: 0.976438
epoch 115 | train dice 1: 0.978753
epoch 115 | train dice 2: 0.964889
epoch 115 | train dice 3: 0.985671
epoch 115 | mean train loss: 0.024195
**** EPOCH 116 ****
2021-01-08 19:02:32.202534
epoch 116 | train dice: 0.976552
epoch 116 | train dice 1: 0.978883
epoch 116 | train dice 2: 0.965054
epoch 116 | train dice 3: 0.985719
epoch 116 | mean train loss: 0.024120
**** EPOCH 117 ****
2021-01-08 19:02:46.037866
epoch 117 | train dice: 0.976375
epoch 117 | train dice 1: 0.978581
epoch 117 | train dice 2: 0.964904
epoch 117 | train dice 3: 0.985639
epoch 117 | mean train loss: 0.024273
**** EPOCH 118 ****
2021-01-08 19:02:59.910785
epoch 118 | train dice: 0.976573
epoch 118 | train dice 1: 0.978749
epoch 118 | train dice 2: 0.965184
epoch 118 | train dice 3: 0.985786
epoch 118 | mean train loss: 0.024095
**** EPOCH 119 ****
2021-01-08 19:03:13.740005
epoch 119 | train dice: 0.976713
epoch 119 | train dice 1: 0.978869
epoch 119 | train dice 2: 0.965373
epoch 119 | train dice 3: 0.985896
epoch 119 | mean train loss: 0.023966
**** EPOCH 120 ****
2021-01-08 19:03:27.621538
epoch 120 | train dice: 0.976568
epoch 120 | train dice 1: 0.978752
epoch 120 | train dice 2: 0.965205
epoch 120 | train dice 3: 0.985746
epoch 120 | mean train loss: 0.024075
**** EPOCH 121 ****
2021-01-08 19:03:41.519785
epoch 121 | train dice: 0.976455
epoch 121 | train dice 1: 0.978608
epoch 121 | train dice 2: 0.965039
epoch 121 | train dice 3: 0.985716
epoch 121 | mean train loss: 0.024145
**** EPOCH 122 ****
2021-01-08 19:03:55.354287
epoch 122 | train dice: 0.976691
epoch 122 | train dice 1: 0.979042
epoch 122 | train dice 2: 0.965357
epoch 122 | train dice 3: 0.985673
epoch 122 | mean train loss: 0.023995
**** EPOCH 123 ****
2021-01-08 19:04:09.208984
epoch 123 | train dice: 0.976747
epoch 123 | train dice 1: 0.978980
epoch 123 | train dice 2: 0.965387
epoch 123 | train dice 3: 0.985873
epoch 123 | mean train loss: 0.023914
**** EPOCH 124 ****
2021-01-08 19:04:23.084188
epoch 124 | train dice: 0.976502
epoch 124 | train dice 1: 0.978588
epoch 124 | train dice 2: 0.965262
epoch 124 | train dice 3: 0.985656
epoch 124 | mean train loss: 0.024177
**** EPOCH 125 ****
2021-01-08 19:04:36.917163
epoch 125 | train dice: 0.976718
epoch 125 | train dice 1: 0.978922
epoch 125 | train dice 2: 0.965320
epoch 125 | train dice 3: 0.985911
epoch 125 | mean train loss: 0.023922
**** EPOCH 126 ****
2021-01-08 19:04:50.676912
epoch 126 | train dice: 0.976629
epoch 126 | train dice 1: 0.978879
epoch 126 | train dice 2: 0.965238
epoch 126 | train dice 3: 0.985769
epoch 126 | mean train loss: 0.024005
**** EPOCH 127 ****
2021-01-08 19:05:04.525712
epoch 127 | train dice: 0.976615
epoch 127 | train dice 1: 0.978800
epoch 127 | train dice 2: 0.965290
epoch 127 | train dice 3: 0.985756
epoch 127 | mean train loss: 0.024027
**** EPOCH 128 ****
2021-01-08 19:05:18.312414
epoch 128 | train dice: 0.976586
epoch 128 | train dice 1: 0.978862
epoch 128 | train dice 2: 0.965344
epoch 128 | train dice 3: 0.985553
epoch 128 | mean train loss: 0.024066
**** EPOCH 129 ****
2021-01-08 19:05:32.134583
epoch 129 | train dice: 0.976852
epoch 129 | train dice 1: 0.979111
epoch 129 | train dice 2: 0.965677
epoch 129 | train dice 3: 0.985768
epoch 129 | mean train loss: 0.023807
**** EPOCH 130 ****
2021-01-08 19:05:45.973871
epoch 130 | train dice: 0.976742
epoch 130 | train dice 1: 0.979012
epoch 130 | train dice 2: 0.965427
epoch 130 | train dice 3: 0.985789
epoch 130 | mean train loss: 0.023919
**** EPOCH 131 ****
2021-01-08 19:05:59.834318
epoch 131 | train dice: 0.976879
epoch 131 | train dice 1: 0.979106
epoch 131 | train dice 2: 0.965600
epoch 131 | train dice 3: 0.985932
epoch 131 | mean train loss: 0.023770
**** EPOCH 132 ****
2021-01-08 19:06:13.640717
epoch 132 | train dice: 0.976898
epoch 132 | train dice 1: 0.979135
epoch 132 | train dice 2: 0.965622
epoch 132 | train dice 3: 0.985937
epoch 132 | mean train loss: 0.023758
**** EPOCH 133 ****
2021-01-08 19:06:27.444354
epoch 133 | train dice: 0.976902
epoch 133 | train dice 1: 0.979255
epoch 133 | train dice 2: 0.965527
epoch 133 | train dice 3: 0.985925
epoch 133 | mean train loss: 0.023758
**** EPOCH 134 ****
2021-01-08 19:06:41.257269
epoch 134 | train dice: 0.976944
epoch 134 | train dice 1: 0.979135
epoch 134 | train dice 2: 0.965810
epoch 134 | train dice 3: 0.985889
epoch 134 | mean train loss: 0.023679
**** EPOCH 135 ****
2021-01-08 19:06:55.116316
epoch 135 | train dice: 0.977054
epoch 135 | train dice 1: 0.979272
epoch 135 | train dice 2: 0.965914
epoch 135 | train dice 3: 0.985976
epoch 135 | mean train loss: 0.023629
**** EPOCH 136 ****
2021-01-08 19:07:08.940745
epoch 136 | train dice: 0.976956
epoch 136 | train dice 1: 0.979180
epoch 136 | train dice 2: 0.965704
epoch 136 | train dice 3: 0.985983
epoch 136 | mean train loss: 0.023722
**** EPOCH 137 ****
2021-01-08 19:07:22.749156
epoch 137 | train dice: 0.976823
epoch 137 | train dice 1: 0.979056
epoch 137 | train dice 2: 0.965489
epoch 137 | train dice 3: 0.985923
epoch 137 | mean train loss: 0.023833
**** EPOCH 138 ****
2021-01-08 19:07:36.627423
epoch 138 | train dice: 0.977149
epoch 138 | train dice 1: 0.979375
epoch 138 | train dice 2: 0.965955
epoch 138 | train dice 3: 0.986116
epoch 138 | mean train loss: 0.023552
**** EPOCH 139 ****
2021-01-08 19:07:50.492681
epoch 139 | train dice: 0.976885
epoch 139 | train dice 1: 0.979124
epoch 139 | train dice 2: 0.965621
epoch 139 | train dice 3: 0.985909
epoch 139 | mean train loss: 0.023762
**** EPOCH 140 ****
2021-01-08 19:08:04.326797
epoch 140 | train dice: 0.976961
epoch 140 | train dice 1: 0.979356
epoch 140 | train dice 2: 0.965673
epoch 140 | train dice 3: 0.985855
epoch 140 | mean train loss: 0.023722
**** EPOCH 141 ****
2021-01-08 19:08:18.172815
epoch 141 | train dice: 0.977028
epoch 141 | train dice 1: 0.979089
epoch 141 | train dice 2: 0.966028
epoch 141 | train dice 3: 0.985968
epoch 141 | mean train loss: 0.023636
**** EPOCH 142 ****
2021-01-08 19:08:32.028944
epoch 142 | train dice: 0.977166
epoch 142 | train dice 1: 0.979462
epoch 142 | train dice 2: 0.965987
epoch 142 | train dice 3: 0.986049
epoch 142 | mean train loss: 0.023513
**** EPOCH 143 ****
2021-01-08 19:08:45.831482
epoch 143 | train dice: 0.977001
epoch 143 | train dice 1: 0.979215
epoch 143 | train dice 2: 0.965953
epoch 143 | train dice 3: 0.985836
epoch 143 | mean train loss: 0.023643
**** EPOCH 144 ****
2021-01-08 19:08:59.676732
epoch 144 | train dice: 0.977002
epoch 144 | train dice 1: 0.979118
epoch 144 | train dice 2: 0.965884
epoch 144 | train dice 3: 0.986003
epoch 144 | mean train loss: 0.023654
**** EPOCH 145 ****
2021-01-08 19:09:13.483703
epoch 145 | train dice: 0.976901
epoch 145 | train dice 1: 0.978986
epoch 145 | train dice 2: 0.965781
epoch 145 | train dice 3: 0.985936
epoch 145 | mean train loss: 0.023748
**** EPOCH 146 ****
2021-01-08 19:09:27.302682
epoch 146 | train dice: 0.977064
epoch 146 | train dice 1: 0.979318
epoch 146 | train dice 2: 0.965958
epoch 146 | train dice 3: 0.985917
epoch 146 | mean train loss: 0.023629
**** EPOCH 147 ****
2021-01-08 19:09:41.168620
epoch 147 | train dice: 0.976986
epoch 147 | train dice 1: 0.978932
epoch 147 | train dice 2: 0.965908
epoch 147 | train dice 3: 0.986119
epoch 147 | mean train loss: 0.023650
**** EPOCH 148 ****
2021-01-08 19:09:55.036163
epoch 148 | train dice: 0.976934
epoch 148 | train dice 1: 0.979154
epoch 148 | train dice 2: 0.965623
epoch 148 | train dice 3: 0.986023
epoch 148 | mean train loss: 0.023700
**** EPOCH 149 ****
2021-01-08 19:10:08.916573
epoch 149 | train dice: 0.977023
epoch 149 | train dice 1: 0.979055
epoch 149 | train dice 2: 0.965987
epoch 149 | train dice 3: 0.986027
epoch 149 | mean train loss: 0.023655
**** EPOCH 150 ****
2021-01-08 19:10:22.795992
epoch 150 | train dice: 0.977240
epoch 150 | train dice 1: 0.979452
epoch 150 | train dice 2: 0.966208
epoch 150 | train dice 3: 0.986059
epoch 150 | mean train loss: 0.023409
**** EPOCH 151 ****
2021-01-08 19:10:36.667167
epoch 151 | train dice: 0.977290
epoch 151 | train dice 1: 0.979475
epoch 151 | train dice 2: 0.966198
epoch 151 | train dice 3: 0.986198
epoch 151 | mean train loss: 0.023388
**** EPOCH 152 ****
2021-01-08 19:10:50.518302
epoch 152 | train dice: 0.977458
epoch 152 | train dice 1: 0.979673
epoch 152 | train dice 2: 0.966432
epoch 152 | train dice 3: 0.986268
epoch 152 | mean train loss: 0.023222
**** EPOCH 153 ****
2021-01-08 19:11:04.404315
epoch 153 | train dice: 0.977385
epoch 153 | train dice 1: 0.979507
epoch 153 | train dice 2: 0.966495
epoch 153 | train dice 3: 0.986152
epoch 153 | mean train loss: 0.023305
**** EPOCH 154 ****
2021-01-08 19:11:18.251742
epoch 154 | train dice: 0.977301
epoch 154 | train dice 1: 0.979369
epoch 154 | train dice 2: 0.966247
epoch 154 | train dice 3: 0.986285
epoch 154 | mean train loss: 0.023336
**** EPOCH 155 ****
2021-01-08 19:11:32.074772
epoch 155 | train dice: 0.977235
epoch 155 | train dice 1: 0.979309
epoch 155 | train dice 2: 0.966260
epoch 155 | train dice 3: 0.986137
epoch 155 | mean train loss: 0.023385
**** EPOCH 156 ****
2021-01-08 19:11:45.907416
epoch 156 | train dice: 0.977337
epoch 156 | train dice 1: 0.979433
epoch 156 | train dice 2: 0.966375
epoch 156 | train dice 3: 0.986203
epoch 156 | mean train loss: 0.023328
**** EPOCH 157 ****
2021-01-08 19:11:59.743567
epoch 157 | train dice: 0.977116
epoch 157 | train dice 1: 0.979265
epoch 157 | train dice 2: 0.966037
epoch 157 | train dice 3: 0.986046
epoch 157 | mean train loss: 0.023526
**** EPOCH 158 ****
2021-01-08 19:12:13.644778
epoch 158 | train dice: 0.977495
epoch 158 | train dice 1: 0.979613
epoch 158 | train dice 2: 0.966551
epoch 158 | train dice 3: 0.986321
epoch 158 | mean train loss: 0.023171
**** EPOCH 159 ****
2021-01-08 19:12:27.528750
epoch 159 | train dice: 0.977332
epoch 159 | train dice 1: 0.979557
epoch 159 | train dice 2: 0.966291
epoch 159 | train dice 3: 0.986149
epoch 159 | mean train loss: 0.023318
**** EPOCH 160 ****
2021-01-08 19:12:41.387584
epoch 160 | train dice: 0.977282
epoch 160 | train dice 1: 0.979439
epoch 160 | train dice 2: 0.966189
epoch 160 | train dice 3: 0.986216
epoch 160 | mean train loss: 0.023355
**** EPOCH 161 ****
2021-01-08 19:12:55.218208
epoch 161 | train dice: 0.977398
epoch 161 | train dice 1: 0.979523
epoch 161 | train dice 2: 0.966436
epoch 161 | train dice 3: 0.986234
epoch 161 | mean train loss: 0.023259
**** EPOCH 162 ****
2021-01-08 19:13:09.066248
epoch 162 | train dice: 0.977507
epoch 162 | train dice 1: 0.979647
epoch 162 | train dice 2: 0.966617
epoch 162 | train dice 3: 0.986257
epoch 162 | mean train loss: 0.023144
**** EPOCH 163 ****
2021-01-08 19:13:22.872922
epoch 163 | train dice: 0.977376
epoch 163 | train dice 1: 0.979580
epoch 163 | train dice 2: 0.966404
epoch 163 | train dice 3: 0.986144
epoch 163 | mean train loss: 0.023283
**** EPOCH 164 ****
2021-01-08 19:13:36.768929
epoch 164 | train dice: 0.977386
epoch 164 | train dice 1: 0.979576
epoch 164 | train dice 2: 0.966433
epoch 164 | train dice 3: 0.986150
epoch 164 | mean train loss: 0.023216
**** EPOCH 165 ****
2021-01-08 19:13:50.599860
epoch 165 | train dice: 0.977505
epoch 165 | train dice 1: 0.979667
epoch 165 | train dice 2: 0.966459
epoch 165 | train dice 3: 0.986388
epoch 165 | mean train loss: 0.023148
**** EPOCH 166 ****
2021-01-08 19:14:04.419427
epoch 166 | train dice: 0.977398
epoch 166 | train dice 1: 0.979508
epoch 166 | train dice 2: 0.966414
epoch 166 | train dice 3: 0.986273
epoch 166 | mean train loss: 0.023247
**** EPOCH 167 ****
2021-01-08 19:14:18.220192
epoch 167 | train dice: 0.977426
epoch 167 | train dice 1: 0.979427
epoch 167 | train dice 2: 0.966595
epoch 167 | train dice 3: 0.986256
epoch 167 | mean train loss: 0.023234
**** EPOCH 168 ****
2021-01-08 19:14:32.082024
epoch 168 | train dice: 0.977317
epoch 168 | train dice 1: 0.979230
epoch 168 | train dice 2: 0.966511
epoch 168 | train dice 3: 0.986211
epoch 168 | mean train loss: 0.023335
**** EPOCH 169 ****
2021-01-08 19:14:45.926514
epoch 169 | train dice: 0.977545
epoch 169 | train dice 1: 0.979856
epoch 169 | train dice 2: 0.966595
epoch 169 | train dice 3: 0.986184
epoch 169 | mean train loss: 0.023118
**** EPOCH 170 ****
2021-01-08 19:14:59.735780
epoch 170 | train dice: 0.977458
epoch 170 | train dice 1: 0.979580
epoch 170 | train dice 2: 0.966563
epoch 170 | train dice 3: 0.986232
epoch 170 | mean train loss: 0.023192
**** EPOCH 171 ****
2021-01-08 19:15:13.579279
epoch 171 | train dice: 0.977446
epoch 171 | train dice 1: 0.979552
epoch 171 | train dice 2: 0.966538
epoch 171 | train dice 3: 0.986246
epoch 171 | mean train loss: 0.023202
**** EPOCH 172 ****
2021-01-08 19:15:27.439454
epoch 172 | train dice: 0.977675
epoch 172 | train dice 1: 0.979979
epoch 172 | train dice 2: 0.966723
epoch 172 | train dice 3: 0.986321
epoch 172 | mean train loss: 0.023009
**** EPOCH 173 ****
2021-01-08 19:15:41.304336
epoch 173 | train dice: 0.977619
epoch 173 | train dice 1: 0.980037
epoch 173 | train dice 2: 0.966564
epoch 173 | train dice 3: 0.986257
epoch 173 | mean train loss: 0.023045
**** EPOCH 174 ****
2021-01-08 19:15:55.175534
epoch 174 | train dice: 0.977563
epoch 174 | train dice 1: 0.979669
epoch 174 | train dice 2: 0.966704
epoch 174 | train dice 3: 0.986317
epoch 174 | mean train loss: 0.023064
**** EPOCH 175 ****
2021-01-08 19:16:09.013928
epoch 175 | train dice: 0.977677
epoch 175 | train dice 1: 0.979866
epoch 175 | train dice 2: 0.966772
epoch 175 | train dice 3: 0.986392
epoch 175 | mean train loss: 0.022970
**** EPOCH 176 ****
2021-01-08 19:16:22.887999
epoch 176 | train dice: 0.977489
epoch 176 | train dice 1: 0.979610
epoch 176 | train dice 2: 0.966611
epoch 176 | train dice 3: 0.986248
epoch 176 | mean train loss: 0.023157
**** EPOCH 177 ****
2021-01-08 19:16:36.788507
epoch 177 | train dice: 0.977765
epoch 177 | train dice 1: 0.979829
epoch 177 | train dice 2: 0.967005
epoch 177 | train dice 3: 0.986462
epoch 177 | mean train loss: 0.022883
**** EPOCH 178 ****
2021-01-08 19:16:50.637737
epoch 178 | train dice: 0.977564
epoch 178 | train dice 1: 0.979717
epoch 178 | train dice 2: 0.966720
epoch 178 | train dice 3: 0.986254
epoch 178 | mean train loss: 0.023079
**** EPOCH 179 ****
2021-01-08 19:17:04.498051
epoch 179 | train dice: 0.977684
epoch 179 | train dice 1: 0.979890
epoch 179 | train dice 2: 0.966836
epoch 179 | train dice 3: 0.986328
epoch 179 | mean train loss: 0.022953
**** EPOCH 180 ****
2021-01-08 19:17:18.299687
epoch 180 | train dice: 0.977743
epoch 180 | train dice 1: 0.980050
epoch 180 | train dice 2: 0.966791
epoch 180 | train dice 3: 0.986387
epoch 180 | mean train loss: 0.022916
**** EPOCH 181 ****
2021-01-08 19:17:32.161856
epoch 181 | train dice: 0.977523
epoch 181 | train dice 1: 0.979542
epoch 181 | train dice 2: 0.966833
epoch 181 | train dice 3: 0.986193
epoch 181 | mean train loss: 0.023127
**** EPOCH 182 ****
2021-01-08 19:17:45.991819
epoch 182 | train dice: 0.977628
epoch 182 | train dice 1: 0.979788
epoch 182 | train dice 2: 0.966772
epoch 182 | train dice 3: 0.986324
epoch 182 | mean train loss: 0.023021
**** EPOCH 183 ****
2021-01-08 19:17:59.840085
epoch 183 | train dice: 0.977648
epoch 183 | train dice 1: 0.979945
epoch 183 | train dice 2: 0.966635
epoch 183 | train dice 3: 0.986365
epoch 183 | mean train loss: 0.022974
**** EPOCH 184 ****
2021-01-08 19:18:13.660500
epoch 184 | train dice: 0.977672
epoch 184 | train dice 1: 0.979893
epoch 184 | train dice 2: 0.966772
epoch 184 | train dice 3: 0.986351
epoch 184 | mean train loss: 0.022988
**** EPOCH 185 ****
2021-01-08 19:18:27.506635
epoch 185 | train dice: 0.977662
epoch 185 | train dice 1: 0.979903
epoch 185 | train dice 2: 0.966751
epoch 185 | train dice 3: 0.986332
epoch 185 | mean train loss: 0.022997
**** EPOCH 186 ****
2021-01-08 19:18:41.341143
epoch 186 | train dice: 0.977772
epoch 186 | train dice 1: 0.979917
epoch 186 | train dice 2: 0.967029
epoch 186 | train dice 3: 0.986369
epoch 186 | mean train loss: 0.022873
**** EPOCH 187 ****
2021-01-08 19:18:55.190444
epoch 187 | train dice: 0.977896
epoch 187 | train dice 1: 0.980037
epoch 187 | train dice 2: 0.967073
epoch 187 | train dice 3: 0.986579
epoch 187 | mean train loss: 0.022744
**** EPOCH 188 ****
2021-01-08 19:19:09.051130
epoch 188 | train dice: 0.977919
epoch 188 | train dice 1: 0.980053
epoch 188 | train dice 2: 0.967289
epoch 188 | train dice 3: 0.986416
epoch 188 | mean train loss: 0.022721
**** EPOCH 189 ****
2021-01-08 19:19:22.908869
epoch 189 | train dice: 0.977776
epoch 189 | train dice 1: 0.979986
epoch 189 | train dice 2: 0.967013
epoch 189 | train dice 3: 0.986330
epoch 189 | mean train loss: 0.022849
**** EPOCH 190 ****
2021-01-08 19:19:36.775870
epoch 190 | train dice: 0.977636
epoch 190 | train dice 1: 0.979744
epoch 190 | train dice 2: 0.966843
epoch 190 | train dice 3: 0.986321
epoch 190 | mean train loss: 0.022993
**** EPOCH 191 ****
2021-01-08 19:19:50.635348
epoch 191 | train dice: 0.977755
epoch 191 | train dice 1: 0.979955
epoch 191 | train dice 2: 0.966916
epoch 191 | train dice 3: 0.986394
epoch 191 | mean train loss: 0.022892
**** EPOCH 192 ****
2021-01-08 19:20:04.467266
epoch 192 | train dice: 0.977906
epoch 192 | train dice 1: 0.980148
epoch 192 | train dice 2: 0.967050
epoch 192 | train dice 3: 0.986520
epoch 192 | mean train loss: 0.022763
**** EPOCH 193 ****
2021-01-08 19:20:18.330640
epoch 193 | train dice: 0.977848
epoch 193 | train dice 1: 0.979975
epoch 193 | train dice 2: 0.967135
epoch 193 | train dice 3: 0.986435
epoch 193 | mean train loss: 0.022782
**** EPOCH 194 ****
2021-01-08 19:20:32.193863
epoch 194 | train dice: 0.977928
epoch 194 | train dice 1: 0.980057
epoch 194 | train dice 2: 0.967288
epoch 194 | train dice 3: 0.986439
epoch 194 | mean train loss: 0.022706
**** EPOCH 195 ****
2021-01-08 19:20:46.030780
epoch 195 | train dice: 0.977926
epoch 195 | train dice 1: 0.980173
epoch 195 | train dice 2: 0.967217
epoch 195 | train dice 3: 0.986387
epoch 195 | mean train loss: 0.022718
**** EPOCH 196 ****
2021-01-08 19:20:59.852323
epoch 196 | train dice: 0.977950
epoch 196 | train dice 1: 0.980201
epoch 196 | train dice 2: 0.967123
epoch 196 | train dice 3: 0.986526
epoch 196 | mean train loss: 0.022671
**** EPOCH 197 ****
2021-01-08 19:21:13.715376
epoch 197 | train dice: 0.977952
epoch 197 | train dice 1: 0.980234
epoch 197 | train dice 2: 0.967183
epoch 197 | train dice 3: 0.986439
epoch 197 | mean train loss: 0.022722
**** EPOCH 198 ****
2021-01-08 19:21:27.545187
epoch 198 | train dice: 0.977910
epoch 198 | train dice 1: 0.980105
epoch 198 | train dice 2: 0.967214
epoch 198 | train dice 3: 0.986411
epoch 198 | mean train loss: 0.022751
**** EPOCH 199 ****
2021-01-08 19:21:41.383942
epoch 199 | train dice: 0.977950
epoch 199 | train dice 1: 0.980192
epoch 199 | train dice 2: 0.967183
epoch 199 | train dice 3: 0.986475
epoch 199 | mean train loss: 0.022660
**** EPOCH 200 ****
2021-01-08 19:21:55.237314
epoch 200 | train dice: 0.977707
epoch 200 | train dice 1: 0.979875
epoch 200 | train dice 2: 0.966855
epoch 200 | train dice 3: 0.986390
epoch 200 | mean train loss: 0.022962

Training complete in 46m 11s.
Time per epoch: 13s.
